******************************************************************************
                  MSP430 Linker Unix v21.6.1                   
******************************************************************************
>> Linked Fri Apr  5 15:39:10 2024

OUTPUT FILE NAME:   <OutOfBox_MSP-EXP430FR2355.out>
ENTRY POINT SYMBOL: "_c_int00_noargs_mpu"  address: 0000fe7c


MEMORY CONFIGURATION

         name            origin    length      used     unused   attr    fill
----------------------  --------  ---------  --------  --------  ----  --------
  TINYRAM               00000006   0000001a  00000000  0000001a  RWIX
  BSL0                  00001000   00000800  00000000  00000800  RWIX
  INFO                  00001800   00000200  00000000  00000200  RWIX
  TLVMEM                00001a00   00000200  00000000  00000200  RWIX
  BOOTCODE              00001c00   00000400  00000000  00000400  RWIX
  RAM                   00002000   00001000  000004bc  00000b44  RWIX
  FRAM                  00008000   00007f80  00007eb0  000000d0  RWIX
  JTAGSIGNATURE         0000ff80   00000004  00000004  00000000  RWIX  ffff 
  BSLSIGNATURE          0000ff84   00000004  00000004  00000000  RWIX  ffff 
  BSLCONFIGURATIONSIGNA 0000ff88   00000002  00000002  00000000  RWIX  ffff 
  BSLCONFIGURATION      0000ff8a   00000002  00000002  00000000  RWIX  ffff 
  BSLI2CADDRESS         0000ffa0   00000002  00000002  00000000  RWIX  ffff 
  INT00                 0000ffa2   00000002  00000000  00000002  RWIX
  INT01                 0000ffa4   00000002  00000000  00000002  RWIX
  INT02                 0000ffa6   00000002  00000000  00000002  RWIX
  INT03                 0000ffa8   00000002  00000000  00000002  RWIX
  INT04                 0000ffaa   00000002  00000000  00000002  RWIX
  INT05                 0000ffac   00000002  00000000  00000002  RWIX
  INT06                 0000ffae   00000002  00000000  00000002  RWIX
  INT07                 0000ffb0   00000002  00000000  00000002  RWIX
  INT08                 0000ffb2   00000002  00000000  00000002  RWIX
  INT09                 0000ffb4   00000002  00000000  00000002  RWIX
  INT10                 0000ffb6   00000002  00000000  00000002  RWIX
  INT11                 0000ffb8   00000002  00000000  00000002  RWIX
  INT12                 0000ffba   00000002  00000000  00000002  RWIX
  INT13                 0000ffbc   00000002  00000000  00000002  RWIX
  INT14                 0000ffbe   00000002  00000000  00000002  RWIX
  INT15                 0000ffc0   00000002  00000000  00000002  RWIX
  INT16                 0000ffc2   00000002  00000000  00000002  RWIX
  INT17                 0000ffc4   00000002  00000000  00000002  RWIX
  INT18                 0000ffc6   00000002  00000000  00000002  RWIX
  INT19                 0000ffc8   00000002  00000000  00000002  RWIX
  INT20                 0000ffca   00000002  00000000  00000002  RWIX
  INT21                 0000ffcc   00000002  00000000  00000002  RWIX
  INT22                 0000ffce   00000002  00000002  00000000  RWIX
  INT23                 0000ffd0   00000002  00000002  00000000  RWIX
  INT24                 0000ffd2   00000002  00000002  00000000  RWIX
  INT25                 0000ffd4   00000002  00000002  00000000  RWIX
  INT26                 0000ffd6   00000002  00000002  00000000  RWIX
  INT27                 0000ffd8   00000002  00000002  00000000  RWIX
  INT28                 0000ffda   00000002  00000002  00000000  RWIX
  INT29                 0000ffdc   00000002  00000002  00000000  RWIX
  INT30                 0000ffde   00000002  00000002  00000000  RWIX
  INT31                 0000ffe0   00000002  00000002  00000000  RWIX
  INT32                 0000ffe2   00000002  00000002  00000000  RWIX
  INT33                 0000ffe4   00000002  00000002  00000000  RWIX
  INT34                 0000ffe6   00000002  00000002  00000000  RWIX
  INT35                 0000ffe8   00000002  00000002  00000000  RWIX
  INT36                 0000ffea   00000002  00000002  00000000  RWIX
  INT37                 0000ffec   00000002  00000002  00000000  RWIX
  INT38                 0000ffee   00000002  00000002  00000000  RWIX
  INT39                 0000fff0   00000002  00000002  00000000  RWIX
  INT40                 0000fff2   00000002  00000002  00000000  RWIX
  INT41                 0000fff4   00000002  00000002  00000000  RWIX
  INT42                 0000fff6   00000002  00000002  00000000  RWIX
  INT43                 0000fff8   00000002  00000002  00000000  RWIX
  INT44                 0000fffa   00000002  00000002  00000000  RWIX
  INT45                 0000fffc   00000002  00000002  00000000  RWIX
  RESET                 0000fffe   00000002  00000002  00000000  RWIX
  ROMLIB                000fac00   00005000  00000000  00005000  RWIX
  BSL1                  000ffc00   00000400  00000000  00000400  RWIX


SECTION ALLOCATION MAP

 output                                  attributes/
section   page    origin      length       input sections
--------  ----  ----------  ----------   ----------------
.TI.persistent 
*          0    00008000    00004017     
                  00008000    00004000     functiongenerator.obj (.TI.persistent:signal)
                  0000c000    00000014     functiongenerator.obj (.TI.persistent)
                  0000c014    00000002     lightsensor.obj (.TI.persistent)
                  0000c016    00000001     main.obj (.TI.persistent)

.cio       0    0000c017    00000000     UNINITIALIZED

.sysmem    0    0000c017    00000000     UNINITIALIZED

.cinit     0    0000c400    00000036     
                  0000c400    00000014     (.cinit..data.load) [load image, compression = lzss]
                  0000c414    0000000c     (__TI_handler_table)
                  0000c420    00000006     (.cinit..bss.load) [load image, compression = zero_init]
                  0000c426    00000010     (__TI_cinit_table)

.pinit     0    0000c436    00000000     UNINITIALIZED

.binit     0    0000c436    00000000     

.init_array 
*          0    0000c436    00000000     UNINITIALIZED

.mspabi.exidx 
*          0    0000c436    00000000     UNINITIALIZED

.mspabi.extab 
*          0    0000c436    00000000     UNINITIALIZED

.const     0    0000c436    000002b8     
                  0000c436    00000101     rts430x_lc_ld_eabi.lib : ctype.c.obj (.const:.string:_ctypes_)
                  0000c537    00000001     --HOLE-- [fill = 0]
                  0000c538    000000b0     functiongenerator.obj (.const:.string)
                  0000c5e8    0000005e     main.obj (.const:.string)
                  0000c646    00000026     rts430x_lc_ld_eabi.lib : _printfi.c.obj (.const:.string)
                  0000c66c    0000001c     gpio.obj (.const:GPIO_PORT_TO_BASE)
                  0000c688    00000014     MSPMATHLIB_CCS_msp430_5xx_6xx_FRxx_large_code_large_data.lib : msp430_tables.o (.const:msp430_cos_coeffs)
                  0000c69c    00000010     main.obj (.const:$P$T0$1)
                  0000c6ac    00000010     MSPMATHLIB_CCS_msp430_5xx_6xx_FRxx_large_code_large_data.lib : msp430_tables.o (.const:msp430_sin_coeffs)
                  0000c6bc    0000000e     lightsensor.obj (.const:$P$T0$1)
                  0000c6ca    0000000c     functiongenerator.obj (.const:$P$T0$1)
                  0000c6d6    0000000c     functiongenerator.obj (.const:$P$T1$2)
                  0000c6e2    0000000c     lightsensor.obj (.const:$P$T1$2)

.text      0    0000c6ee    000033ba     
                  0000c6ee    00000468     rts430x_lc_ld_eabi.lib : frcdivd.c.obj (.text:__TI_frcdivd)
                  0000cb56    00000416     MSPMATHLIB_CCS_msp430_5xx_6xx_FRxx_large_code_large_data.lib : msp430_cos_sin.o (.text:msp430_cos_sin)
                  0000cf6c    00000292     rts430x_lc_ld_eabi.lib : mpyd.c.obj (.text:__mspabi_mpyd)
                  0000d1fe    00000280     jsmn.obj (.text:jsmn_parse)
                  0000d47e    00000248     rts430x_lc_ld_eabi.lib : strtol.c.obj (.text:strtol)
                  0000d6c6    0000021c                            : divd.c.obj (.text:__mspabi_divd)
                  0000d8e2    000001ba     functiongenerator.obj (.text:init_DAC_Signal)
                  0000da9c    00000172     rts430x_lc_ld_eabi.lib : _printfi.c.obj (.text:__TI_printfi_minimal:_setfield___TI_printfi_minimal)
                  0000dc0e    00000164                            : frcmpyd.c.obj (.text:__TI_frcmpyd)
                  0000dd72    0000015e     jsmn.obj (.text:jsmn_parse_string)
                  0000ded0    00000136     functiongenerator.obj (.text:functiongenerator)
                  0000e006    00000132     rts430x_lc_ld_eabi.lib : fs_add.asm.obj (.text)
                  0000e138    000000e4                            : _printfi.c.obj (.text:__TI_printfi_minimal:__TI_printfi_minimal)
                  0000e21c    000000da                            : _printfi.c.obj (.text:__TI_printfi_minimal:_pproc_diouxp___TI_printfi_minimal)
                  0000e2f6    000000cc     functiongenerator.obj (.text:init_PGA)
                  0000e3c2    000000c2     functiongenerator.obj (.text:init_ADC)
                  0000e484    000000ba     jsmn.obj (.text:jsmn_parse_primitive)
                  0000e53e    000000b8     functiongenerator.obj (.text:init_DAC)
                  0000e5f6    000000b8     rts430x_lc_ld_eabi.lib : fs_mpy.asm.obj (.text)
                  0000e6ae    000000b2                            : cvtdf.c.obj (.text:__mspabi_cvtdf)
                  0000e760    000000a2     lightsensor.obj (.text:lightsensor_init_ADC)
                  0000e802    0000009e     rts430x_lc_ld_eabi.lib : fltlid.c.obj (.text:__mspabi_fltlid)
                  0000e8a0    0000009a     eusci_a_uart.obj (.text:EUSCI_A_UART_init)
                  0000e93a    00000090     rts430x_lc_ld_eabi.lib : fs_div.asm.obj (.text)
                  0000e9ca    00000088     main.obj (.text:init_GPIO)
                  0000ea52    00000086     lightsensor.obj (.text:lightsensor)
                  0000ead8    00000082     main.obj (.text:init_EUSCI)
                  0000eb5a    0000007c     timer_b.obj (.text:Timer_B_initUpMode)
                  0000ebd6    00000078     rts430x_lc_ld_eabi.lib : autoinit.c.obj (.text:__TI_auto_init_nobinit_nopinit_hold_wdt:__TI_auto_init_nobinit_nopinit_hold_wdt)
                  0000ec4e    00000076                            : copy_decompress_lzss.c.obj (.text:decompress:lzss:__TI_decompress_lzss)
                  0000ecc4    00000072     gpio.obj (.text:GPIO_setAsPeripheralModuleFunctionInputPin)
                  0000ed36    00000072     gpio.obj (.text:GPIO_setAsPeripheralModuleFunctionOutputPin)
                  0000eda8    00000072     timer_b.obj (.text:Timer_B_outputPWM)
                  0000ee1a    00000068     rts430x_lc_ld_eabi.lib : fs_toi.asm.obj (.text)
                  0000ee82    0000005e     main.obj (.text:init_CS)
                  0000eee0    0000005c     rts430x_lc_ld_eabi.lib : mult64_f5hw.asm.obj (.text:__mpyll)
                  0000ef3c    00000058     lightsensor.obj (.text:lightsensor_init_SACOA)
                  0000ef94    00000058     rts430x_lc_ld_eabi.lib : div32u.asm.obj (.text)
                  0000efec    00000052     main.obj (.text:receiveString)
                  0000f03e    00000050     main.obj (.text:jsoneq)
                  0000f08e    0000004a     adc.obj (.text:ADC_init)
                  0000f0d8    0000004a     gpio.obj (.text:GPIO_setAsInputPinWithPullUpResistor)
                  0000f122    0000004a     functiongenerator.obj (.text:functiongenerator_disable)
                  0000f16c    00000048     rts430x_lc_ld_eabi.lib : _printfi.c.obj (.text:__TI_printfi_minimal:_pproc_str___TI_printfi_minimal)
                  0000f1b4    00000046     main.obj (.text:transmitString)
                  0000f1fa    00000044     rts430x_lc_ld_eabi.lib : sprintf.c.obj (.text:sprintf)
                  0000f23e    00000040     lightsensor.obj (.text:lightsensor_init_LED_PWM)
                  0000f27e    00000040     rts430x_lc_ld_eabi.lib : div32s.asm.obj (.text)
                  0000f2be    0000003e                            : asr32.asm.obj (.text:l_asr_const)
                  0000f2fc    0000003e                            : lsl32.asm.obj (.text:l_lsl_const)
                  0000f33a    0000003e                            : lsr32.asm.obj (.text:l_lsr_const)
                  0000f378    0000003c     FRWP_INIT_LIB_CCS_msp430_large_code_large_data.lib : frwp_init.obj (.text:__mpu_init)
                  0000f3b4    0000003c     rts430x_lc_ld_eabi.lib : memcpy.c.obj (.text:memcpy)
                  0000f3f0    0000003a                            : lsl64.c.obj (.text:__mspabi_sllll)
                  0000f42a    0000003a                            : lsr64.c.obj (.text:__mspabi_srlll)
                  0000f464    0000003a     jsmn.obj (.text:jsmn_alloc_token)
                  0000f49e    0000003a     lightsensor.obj (.text:lightsensor_init_GPIO)
                  0000f4d8    00000038     rts430x_lc_ld_eabi.lib : strncmp.c.obj (.text:strncmp)
                  0000f510    00000036     main.obj (.text:main)
                  0000f546    00000036     rts430x_lc_ld_eabi.lib : fs_itof.asm.obj (.text)
                  0000f57c    00000034     gpio.obj (.text:GPIO_setAsOutputPin)
                  0000f5b0    00000034     sac.obj (.text:SAC_OA_init)
                  0000f5e4    00000034     functiongenerator.obj (.text:functiongenerator_init_GPIO)
                  0000f618    00000034     rts430x_lc_ld_eabi.lib : memccpy.c.obj (.text:memccpy)
                  0000f64c    0000002e     gpio.obj (.text:GPIO_selectInterruptEdge)
                  0000f67a    0000002c     rts430x_lc_ld_eabi.lib : mult3264_f5hw.asm.obj (.text:__mpyull)
                  0000f6a6    0000002c                            : div16s.asm.obj (.text)
                  0000f6d2    00000028                            : sprintf.c.obj (.text:_outs)
                  0000f6fa    00000028     functiongenerator.obj (.text:functiongenerator_enable)
                  0000f722    00000024     adc.obj (.text:ADC_startConversion)
                  0000f746    00000024     rts430x_lc_ld_eabi.lib : copy_zero_init.c.obj (.text:decompress:ZI:__TI_zero_init)
                  0000f76a    00000024                            : fs_utof.asm.obj (.text)
                  0000f78e    00000024                            : mult32_f5hw.asm.obj (.text)
                  0000f7b2    00000022     eusci_a_uart.obj (.text:EUSCI_A_UART_enableInterrupt)
                  0000f7d4    00000022     eusci_a_uart.obj (.text:EUSCI_A_UART_transmitData)
                  0000f7f6    00000020     rts430x_lc_ld_eabi.lib : memset.c.obj (.text:memset)
                  0000f816    0000001e     gpio.obj (.text:GPIO_clearInterrupt)
                  0000f834    0000001e     gpio.obj (.text:GPIO_enableInterrupt)
                  0000f852    0000001c     gpio.obj (.text:GPIO_setOutputHighOnPin)
                  0000f86e    0000001c     gpio.obj (.text:GPIO_setOutputLowOnPin)
                  0000f88a    0000001a     adc.obj (.text:ADC_configureMemory)
                  0000f8a4    0000001a     adc.obj (.text:ADC_setupSamplingTimer)
                  0000f8be    00000018     adc.obj (.text:ADC_setResolution)
                  0000f8d6    00000018     sac.obj (.text:SAC_PGA_setGain)
                  0000f8ee    00000018     sac.obj (.text:SAC_PGA_setMode)
                  0000f906    00000018     rts430x_lc_ld_eabi.lib : mult16_f5hw.asm.obj (.text)
                  0000f91e    00000016     sac.obj (.text:SAC_DAC_selectLoad)
                  0000f934    00000016     sac.obj (.text:SAC_DAC_selectRefVoltage)
                  0000f94a    00000016     wdt_a.obj (.text:WDT_A_hold)
                  0000f960    00000016     rts430x_lc_ld_eabi.lib : copy_decompress_none.c.obj (.text:decompress:none:__TI_decompress_none)
                  0000f976    00000016                            : div16u.asm.obj (.text)
                  0000f98c    00000014                            : sprintf.c.obj (.text:_outc)
                  0000f9a0    00000012     jsmn.obj (.text:jsmn_fill_token)
                  0000f9b2    00000012     rts430x_lc_ld_eabi.lib : strlen.c.obj (.text:strlen)
                  0000f9c4    0000000e     adc.obj (.text:ADC_clearInterrupt)
                  0000f9d2    0000000e     adc.obj (.text:ADC_enableInterrupt)
                  0000f9e0    0000000e     eusci_a_uart.obj (.text:EUSCI_A_UART_clearInterrupt)
                  0000f9ee    0000000e     jsmn.obj (.text:jsmn_init)
                  0000f9fc    0000000c     sac.obj (.text:SAC_OA_selectPowerMode)
                  0000fa08    0000000c     rts430x_lc_ld_eabi.lib : fltid.c.obj (.text:__mspabi_fltid)
                  0000fa14    0000000a     eusci_a_uart.obj (.text:EUSCI_A_UART_queryStatusFlags)
                  0000fa1e    0000000a     sac.obj (.text:SAC_DAC_disable)
                  0000fa28    0000000a     sac.obj (.text:SAC_DAC_enable)
                  0000fa32    0000000a     sac.obj (.text:SAC_DAC_interruptEnable)
                  0000fa3c    0000000a     sac.obj (.text:SAC_DAC_setData)
                  0000fa46    00000008     adc.obj (.text:ADC_disable)
                  0000fa4e    00000008     adc.obj (.text:ADC_enable)
                  0000fa56    00000008     sac.obj (.text:SAC_OA_disable)
                  0000fa5e    00000008     sac.obj (.text:SAC_OA_enable)
                  0000fa66    00000008     sac.obj (.text:SAC_disable)
                  0000fa6e    00000008     sac.obj (.text:SAC_enable)
                  0000fa76    00000008     timer_b.obj (.text:Timer_B_stop)
                  0000fa7e    00000006     eusci_a_uart.obj (.text:EUSCI_A_UART_enable)
                  0000fa84    00000006     pmm.obj (.text:PMM_unlockLPM5)
                  0000fa8a    00000006     timer_b.obj (.text:Timer_B_clear)
                  0000fa90    00000006     timer_b.obj (.text:Timer_B_startCounter)
                  0000fa96    00000006     rts430x_lc_ld_eabi.lib : exit.c.obj (.text:abort)
                  0000fa9c    00000006     MSPMATHLIB_CCS_msp430_5xx_6xx_FRxx_large_code_large_data.lib : msp430_cos_sin.o (.text:sinf)
                  0000faa2    00000004     rts430x_lc_ld_eabi.lib : pre_init.c.obj (.text:_system_pre_init)
                  0000faa6    00000002                            : startup.c.obj (.text:_system_post_cinit)

.text:_isr 
*          0    0000faa8    00000408     
                  0000faa8    000002da     main.obj (.text:_isr:USCI_A1_ISR)
                  0000fd82    0000005a     lightsensor.obj (.text:_isr:TIMER0_B0_ISR)
                  0000fddc    00000044     main.obj (.text:_isr:PORT2_ISR)
                  0000fe20    00000032     functiongenerator.obj (.text:_isr:SAC3_ISR)
                  0000fe52    0000002a     main.obj (.text:_isr:ADC_ISR)
                  0000fe7c    00000020     rts430x_lc_ld_eabi.lib : boot.c.obj (.text:_isr:_c_int00_noargs_mpu)
                  0000fe9c    0000000c     lightsensor.obj (.text:_isr:PORT4_ISR)
                  0000fea8    00000008     rts430x_lc_ld_eabi.lib : isr_trap.asm.obj (.text:_isr:__TI_ISR_TRAP)

.bss       0    00002000    00000406     UNINITIALIZED
                  00002000    00000200     (.common:t)
                  00002200    00000100     (.common:rxString)
                  00002300    00000100     (.common:txString)
                  00002400    00000006     (.common:p)

.data      0    00002406    00000016     UNINITIALIZED
                  00002406    0000000e     lightsensor.obj (.data)
                  00002414    00000004     main.obj (.data)
                  00002418    00000002     functiongenerator.obj (.data)
                  0000241a    00000002     rts430x_lc_ld_eabi.lib : errno.c.obj (.data)

.stack     0    00002f60    000000a0     UNINITIALIZED
                  00002f60    00000004     rts430x_lc_ld_eabi.lib : boot.c.obj (.stack)
                  00002f64    0000009c     --HOLE--

PORT4      0    0000ffce    00000002     
                  0000ffce    00000002     lightsensor.obj (.int22)

PORT3      0    0000ffd0    00000002     
                  0000ffd0    00000002     rts430x_lc_ld_eabi.lib : int23.asm.obj (.int23)

PORT2      0    0000ffd2    00000002     
                  0000ffd2    00000002     main.obj (.int24)

PORT1      0    0000ffd4    00000002     
                  0000ffd4    00000002     rts430x_lc_ld_eabi.lib : int25.asm.obj (.int25)

SAC1_SAC3 
*          0    0000ffd6    00000002     
                  0000ffd6    00000002     functiongenerator.obj (.int26)

SAC0_SAC2 
*          0    0000ffd8    00000002     
                  0000ffd8    00000002     rts430x_lc_ld_eabi.lib : int27.asm.obj (.int27)

ECOMP0_ECOMP1 
*          0    0000ffda    00000002     
                  0000ffda    00000002     rts430x_lc_ld_eabi.lib : int28.asm.obj (.int28)

ADC        0    0000ffdc    00000002     
                  0000ffdc    00000002     main.obj (.int29)

EUSCI_B1   0    0000ffde    00000002     
                  0000ffde    00000002     rts430x_lc_ld_eabi.lib : int30.asm.obj (.int30)

EUSCI_B0   0    0000ffe0    00000002     
                  0000ffe0    00000002     rts430x_lc_ld_eabi.lib : int31.asm.obj (.int31)

EUSCI_A1   0    0000ffe2    00000002     
                  0000ffe2    00000002     main.obj (.int32)

EUSCI_A0   0    0000ffe4    00000002     
                  0000ffe4    00000002     rts430x_lc_ld_eabi.lib : int33.asm.obj (.int33)

WDT        0    0000ffe6    00000002     
                  0000ffe6    00000002     rts430x_lc_ld_eabi.lib : int34.asm.obj (.int34)

RTC        0    0000ffe8    00000002     
                  0000ffe8    00000002     rts430x_lc_ld_eabi.lib : int35.asm.obj (.int35)

TIMER3_B1 
*          0    0000ffea    00000002     
                  0000ffea    00000002     rts430x_lc_ld_eabi.lib : int36.asm.obj (.int36)

TIMER3_B0 
*          0    0000ffec    00000002     
                  0000ffec    00000002     rts430x_lc_ld_eabi.lib : int37.asm.obj (.int37)

TIMER2_B1 
*          0    0000ffee    00000002     
                  0000ffee    00000002     rts430x_lc_ld_eabi.lib : int38.asm.obj (.int38)

TIMER2_B0 
*          0    0000fff0    00000002     
                  0000fff0    00000002     rts430x_lc_ld_eabi.lib : int39.asm.obj (.int39)

TIMER1_B1 
*          0    0000fff2    00000002     
                  0000fff2    00000002     rts430x_lc_ld_eabi.lib : int40.asm.obj (.int40)

TIMER1_B0 
*          0    0000fff4    00000002     
                  0000fff4    00000002     rts430x_lc_ld_eabi.lib : int41.asm.obj (.int41)

TIMER0_B1 
*          0    0000fff6    00000002     
                  0000fff6    00000002     rts430x_lc_ld_eabi.lib : int42.asm.obj (.int42)

TIMER0_B0 
*          0    0000fff8    00000002     
                  0000fff8    00000002     lightsensor.obj (.int43)

UNMI       0    0000fffa    00000002     
                  0000fffa    00000002     rts430x_lc_ld_eabi.lib : int44.asm.obj (.int44)

SYSNMI     0    0000fffc    00000002     
                  0000fffc    00000002     rts430x_lc_ld_eabi.lib : int45.asm.obj (.int45)

.reset     0    0000fffe    00000002     
                  0000fffe    00000002     rts430x_lc_ld_eabi.lib : boot.c.obj (.reset)

$fill000   0    0000ff80    00000004     
                  0000ff80    00000004     --HOLE-- [fill = ffff]

$fill001   0    0000ff84    00000004     
                  0000ff84    00000004     --HOLE-- [fill = ffff]

$fill002   0    0000ff88    00000002     
                  0000ff88    00000002     --HOLE-- [fill = ffff]

$fill003   0    0000ff8a    00000002     
                  0000ff8a    00000002     --HOLE-- [fill = ffff]

$fill004   0    0000ffa0    00000002     
                  0000ffa0    00000002     --HOLE-- [fill = ffff]

MODULE SUMMARY

       Module                       code    ro data   rw data
       ------                       ----    -------   -------
    ./
       functiongenerator.obj        1550    202       16406  
       main.obj                     1486    116       1035   
       lightsensor.obj              608     30        16     
    +--+----------------------------+-------+---------+---------+
       Total:                       3644    348       17457  
                                                             
    ./driverlib/MSP430FR2xx_4xx/
       gpio.obj                     516     28        0      
       timer_b.obj                  258     0         0      
       eusci_a_uart.obj             252     0         0      
       adc.obj                      230     0         0      
       sac.obj                      228     0         0      
       wdt_a.obj                    22      0         0      
       pmm.obj                      6       0         0      
    +--+----------------------------+-------+---------+---------+
       Total:                       1512    28        0      
                                                             
    ./jsmn/
       jsmn.obj                     1266    0         0      
    +--+----------------------------+-------+---------+---------+
       Total:                       1266    0         0      
                                                             
    /Applications/ti/ccs1260/ccs/ccs_base/msp430/lib/5xx_6xx_FRxx/MSPMATHLIB_CCS_msp430_5xx_6xx_FRxx_large_code_large_data.lib
       msp430_cos_sin.o             1052    0         0      
       msp430_tables.o              0       36        0      
    +--+----------------------------+-------+---------+---------+
       Total:                       1052    36        0      
                                                             
    /Applications/ti/ccs1260/ccs/ccs_base/msp430/lib/FR2xx/FRWP_INIT_LIB_CCS_msp430_large_code_large_data.lib
       frwp_init.obj                60      0         0      
    +--+----------------------------+-------+---------+---------+
       Total:                       60      0         0      
                                                             
    /Applications/ti/ccs1260/ccs/tools/compiler/ti-cgt-msp430_21.6.1.LTS/lib/rts430x_lc_ld_eabi.lib
       frcdivd.c.obj                1128    0         0      
       _printfi.c.obj               888     38        0      
       mpyd.c.obj                   658     0         0      
       strtol.c.obj                 584     0         0      
       divd.c.obj                   540     0         0      
       frcmpyd.c.obj                356     0         0      
       fs_add.asm.obj               306     0         0      
       ctype.c.obj                  0       257       0      
       fs_mpy.asm.obj               184     0         0      
       cvtdf.c.obj                  178     0         0      
       fltlid.c.obj                 158     0         0      
       fs_div.asm.obj               144     0         0      
       sprintf.c.obj                128     0         0      
       autoinit.c.obj               120     0         0      
       copy_decompress_lzss.c.obj   118     0         0      
       fs_toi.asm.obj               104     0         0      
       mult64_f5hw.asm.obj          92      0         0      
       div32u.asm.obj               88      0         0      
       div32s.asm.obj               64      0         0      
       asr32.asm.obj                62      0         0      
       lsl32.asm.obj                62      0         0      
       lsr32.asm.obj                62      0         0      
       memcpy.c.obj                 60      0         0      
       lsl64.c.obj                  58      0         0      
       lsr64.c.obj                  58      0         0      
       strncmp.c.obj                56      0         0      
       fs_itof.asm.obj              54      0         0      
       memccpy.c.obj                52      0         0      
       div16s.asm.obj               44      0         0      
       mult3264_f5hw.asm.obj        44      0         0      
       copy_zero_init.c.obj         36      0         0      
       fs_utof.asm.obj              36      0         0      
       mult32_f5hw.asm.obj          36      0         0      
       boot.c.obj                   32      2         0      
       memset.c.obj                 32      0         0      
       mult16_f5hw.asm.obj          24      0         0      
       copy_decompress_none.c.obj   22      0         0      
       div16u.asm.obj               22      0         0      
       strlen.c.obj                 18      0         0      
       fltid.c.obj                  12      0         0      
       isr_trap.asm.obj             8       0         0      
       exit.c.obj                   6       0         0      
       pre_init.c.obj               4       0         0      
       errno.c.obj                  0       0         2      
       int23.asm.obj                0       2         0      
       int25.asm.obj                0       2         0      
       int27.asm.obj                0       2         0      
       int28.asm.obj                0       2         0      
       int30.asm.obj                0       2         0      
       int31.asm.obj                0       2         0      
       int33.asm.obj                0       2         0      
       int34.asm.obj                0       2         0      
       int35.asm.obj                0       2         0      
       int36.asm.obj                0       2         0      
       int37.asm.obj                0       2         0      
       int38.asm.obj                0       2         0      
       int39.asm.obj                0       2         0      
       int40.asm.obj                0       2         0      
       int41.asm.obj                0       2         0      
       int42.asm.obj                0       2         0      
       int44.asm.obj                0       2         0      
       int45.asm.obj                0       2         0      
       startup.c.obj                2       0         0      
    +--+----------------------------+-------+---------+---------+
       Total:                       6740    333       2      
                                                             
       Stack:                       0       0         160    
       Linker Generated:            0       54        0      
    +--+----------------------------+-------+---------+---------+
       Grand Total:                 14274   799       17619  


LINKER GENERATED COPY TABLES

__TI_cinit_table @ 0000c426 records: 2, size/record: 8, table size: 16
	.data: load addr=0000c400, load size=00000014 bytes, run addr=00002406, run size=00000016 bytes, compression=lzss
	.bss: load addr=0000c420, load size=00000006 bytes, run addr=00002000, run size=00000406 bytes, compression=zero_init


LINKER GENERATED HANDLER TABLE

__TI_handler_table @ 0000c414 records: 3, size/record: 4, table size: 12
	index: 0, handler: __TI_zero_init
	index: 1, handler: __TI_decompress_lzss
	index: 2, handler: __TI_decompress_none


GLOBAL SYMBOLS: SORTED ALPHABETICALLY BY Name 

address   name                                       
-------   ----                                       
00000700  ADCCTL0                                    
00000701  ADCCTL0_H                                  
00000700  ADCCTL0_L                                  
00000702  ADCCTL1                                    
00000703  ADCCTL1_H                                  
00000702  ADCCTL1_L                                  
00000704  ADCCTL2                                    
00000705  ADCCTL2_H                                  
00000704  ADCCTL2_L                                  
00000708  ADCHI                                      
00000709  ADCHI_H                                    
00000708  ADCHI_L                                    
0000071a  ADCIE                                      
0000071b  ADCIE_H                                    
0000071a  ADCIE_L                                    
0000071c  ADCIFG                                     
0000071d  ADCIFG_H                                   
0000071c  ADCIFG_L                                   
0000071e  ADCIV                                      
0000071f  ADCIV_H                                    
0000071e  ADCIV_L                                    
00000706  ADCLO                                      
00000707  ADCLO_H                                    
00000706  ADCLO_L                                    
0000070a  ADCMCTL0                                   
0000070b  ADCMCTL0_H                                 
0000070a  ADCMCTL0_L                                 
00000712  ADCMEM0                                    
00000713  ADCMEM0_H                                  
00000712  ADCMEM0_L                                  
0000fe52  ADC_ISR                                    
0000f9c4  ADC_clearInterrupt                         
0000f88a  ADC_configureMemory                        
0000fa46  ADC_disable                                
0000fa4e  ADC_enable                                 
0000f9d2  ADC_enableInterrupt                        
0000f08e  ADC_init                                   
0000f8be  ADC_setResolution                          
0000f8a4  ADC_setupSamplingTimer                     
0000f722  ADC_startConversion                        
00000660  BAKMEM0                                    
00000661  BAKMEM0_H                                  
00000660  BAKMEM0_L                                  
00000662  BAKMEM1                                    
00000674  BAKMEM10                                   
00000675  BAKMEM10_H                                 
00000674  BAKMEM10_L                                 
00000676  BAKMEM11                                   
00000677  BAKMEM11_H                                 
00000676  BAKMEM11_L                                 
00000678  BAKMEM12                                   
00000679  BAKMEM12_H                                 
00000678  BAKMEM12_L                                 
0000067a  BAKMEM13                                   
0000067b  BAKMEM13_H                                 
0000067a  BAKMEM13_L                                 
0000067c  BAKMEM14                                   
0000067d  BAKMEM14_H                                 
0000067c  BAKMEM14_L                                 
0000067e  BAKMEM15                                   
0000067f  BAKMEM15_H                                 
0000067e  BAKMEM15_L                                 
00000663  BAKMEM1_H                                  
00000662  BAKMEM1_L                                  
00000664  BAKMEM2                                    
00000665  BAKMEM2_H                                  
00000664  BAKMEM2_L                                  
00000666  BAKMEM3                                    
00000667  BAKMEM3_H                                  
00000666  BAKMEM3_L                                  
00000668  BAKMEM4                                    
00000669  BAKMEM4_H                                  
00000668  BAKMEM4_L                                  
0000066a  BAKMEM5                                    
0000066b  BAKMEM5_H                                  
0000066a  BAKMEM5_L                                  
0000066c  BAKMEM6                                    
0000066d  BAKMEM6_H                                  
0000066c  BAKMEM6_L                                  
0000066e  BAKMEM7                                    
0000066f  BAKMEM7_H                                  
0000066e  BAKMEM7_L                                  
00000670  BAKMEM8                                    
00000671  BAKMEM8_H                                  
00000670  BAKMEM8_L                                  
00000672  BAKMEM9                                    
00000673  BAKMEM9_H                                  
00000672  BAKMEM9_L                                  
0000fa96  C$$EXIT                                    
000002ee  CAPTIOCTL                                  
000002ef  CAPTIOCTL_H                                
000002ee  CAPTIOCTL_L                                
000008e0  CP0CTL0                                    
000008e1  CP0CTL0_H                                  
000008e0  CP0CTL0_L                                  
000008e2  CP0CTL1                                    
000008e3  CP0CTL1_H                                  
000008e2  CP0CTL1_L                                  
000008f0  CP0DACCTL                                  
000008f1  CP0DACCTL_H                                
000008f0  CP0DACCTL_L                                
000008f2  CP0DACDATA                                 
000008f3  CP0DACDATA_H                               
000008f2  CP0DACDATA_L                               
000008e6  CP0INT                                     
000008e7  CP0INT_H                                   
000008e6  CP0INT_L                                   
000008e8  CP0IV                                      
000008e9  CP0IV_H                                    
000008e8  CP0IV_L                                    
00000900  CP1CTL0                                    
00000901  CP1CTL0_H                                  
00000900  CP1CTL0_L                                  
00000902  CP1CTL1                                    
00000903  CP1CTL1_H                                  
00000902  CP1CTL1_L                                  
00000910  CP1DACCTL                                  
00000911  CP1DACCTL_H                                
00000910  CP1DACCTL_L                                
00000912  CP1DACDATA                                 
00000913  CP1DACDATA_H                               
00000912  CP1DACDATA_L                               
00000906  CP1INT                                     
00000907  CP1INT_H                                   
00000906  CP1INT_L                                   
00000908  CP1IV                                      
00000909  CP1IV_H                                    
00000908  CP1IV_L                                    
000001c0  CRCDI                                      
000001c2  CRCDIRB                                    
000001c3  CRCDIRB_H                                  
000001c2  CRCDIRB_L                                  
000001c1  CRCDI_H                                    
000001c0  CRCDI_L                                    
000001c4  CRCINIRES                                  
000001c5  CRCINIRES_H                                
000001c4  CRCINIRES_L                                
000001c6  CRCRESR                                    
000001c7  CRCRESR_H                                  
000001c6  CRCRESR_L                                  
00000180  CSCTL0                                     
00000181  CSCTL0_H                                   
00000180  CSCTL0_L                                   
00000182  CSCTL1                                     
00000183  CSCTL1_H                                   
00000182  CSCTL1_L                                   
00000184  CSCTL2                                     
00000185  CSCTL2_H                                   
00000184  CSCTL2_L                                   
00000186  CSCTL3                                     
00000187  CSCTL3_H                                   
00000186  CSCTL3_L                                   
00000188  CSCTL4                                     
00000189  CSCTL4_H                                   
00000188  CSCTL4_L                                   
0000018a  CSCTL5                                     
0000018b  CSCTL5_H                                   
0000018a  CSCTL5_L                                   
0000018c  CSCTL6                                     
0000018d  CSCTL6_H                                   
0000018c  CSCTL6_L                                   
0000018e  CSCTL7                                     
0000018f  CSCTL7_H                                   
0000018e  CSCTL7_L                                   
00000190  CSCTL8                                     
00000191  CSCTL8_H                                   
00000190  CSCTL8_L                                   
0000f9e0  EUSCI_A_UART_clearInterrupt                
0000fa7e  EUSCI_A_UART_enable                        
0000f7b2  EUSCI_A_UART_enableInterrupt               
0000e8a0  EUSCI_A_UART_init                          
0000fa14  EUSCI_A_UART_queryStatusFlags              
0000f7d4  EUSCI_A_UART_transmitData                  
000001a0  FRCTL0                                     
000001a1  FRCTL0_H                                   
000001a0  FRCTL0_L                                   
000001a4  GCCTL0                                     
000001a5  GCCTL0_H                                   
000001a4  GCCTL0_L                                   
000001a6  GCCTL1                                     
000001a7  GCCTL1_H                                   
000001a6  GCCTL1_L                                   
0000f816  GPIO_clearInterrupt                        
0000f834  GPIO_enableInterrupt                       
0000f64c  GPIO_selectInterruptEdge                   
0000f0d8  GPIO_setAsInputPinWithPullUpResistor       
0000f57c  GPIO_setAsOutputPin                        
0000ecc4  GPIO_setAsPeripheralModuleFunctionInputPin 
0000ed36  GPIO_setAsPeripheralModuleFunctionOutputPin
0000f852  GPIO_setOutputHighOnPin                    
0000f86e  GPIO_setOutputLowOnPin                     
000006c4  ICCILSR0                                   
000006c5  ICCILSR0_H                                 
000006c4  ICCILSR0_L                                 
000006c6  ICCILSR1                                   
000006c7  ICCILSR1_H                                 
000006c6  ICCILSR1_L                                 
000006c8  ICCILSR2                                   
000006c9  ICCILSR2_H                                 
000006c8  ICCILSR2_L                                 
000006ca  ICCILSR3                                   
000006cb  ICCILSR3_H                                 
000006ca  ICCILSR3_L                                 
000006c2  ICCMVS                                     
000006c3  ICCMVS_H                                   
000006c2  ICCMVS_L                                   
000006c0  ICCSC                                      
000006c1  ICCSC_H                                    
000006c0  ICCSC_L                                    
000004c4  MAC                                        
000004da  MAC32H                                     
000004db  MAC32H_H                                   
000004da  MAC32H_L                                   
000004d8  MAC32L                                     
000004d9  MAC32L_H                                   
000004d8  MAC32L_L                                   
000004c6  MACS                                       
000004de  MACS32H                                    
000004df  MACS32H_H                                  
000004de  MACS32H_L                                  
000004dc  MACS32L                                    
000004dd  MACS32L_H                                  
000004dc  MACS32L_L                                  
000004c7  MACS_H                                     
000004c6  MACS_L                                     
000004c5  MAC_H                                      
000004c4  MAC_L                                      
000004c0  MPY                                        
000004ec  MPY32CTL0                                  
000004ed  MPY32CTL0_H                                
000004ec  MPY32CTL0_L                                
000004d2  MPY32H                                     
000004d3  MPY32H_H                                   
000004d2  MPY32H_L                                   
000004d0  MPY32L                                     
000004d1  MPY32L_H                                   
000004d0  MPY32L_L                                   
000004c2  MPYS                                       
000004d6  MPYS32H                                    
000004d7  MPYS32H_H                                  
000004d6  MPYS32H_L                                  
000004d4  MPYS32L                                    
000004d5  MPYS32L_H                                  
000004d4  MPYS32L_L                                  
000004c3  MPYS_H                                     
000004c2  MPYS_L                                     
000004c1  MPY_H                                      
000004c0  MPY_L                                      
000004c8  OP2                                        
000004e2  OP2H                                       
000004e3  OP2H_H                                     
000004e2  OP2H_L                                     
000004e0  OP2L                                       
000004e1  OP2L_H                                     
000004e0  OP2L_L                                     
000004c9  OP2_H                                      
000004c8  OP2_L                                      
00000204  P1DIR                                      
0000021a  P1IE                                       
00000218  P1IES                                      
0000021c  P1IFG                                      
00000200  P1IN                                       
0000020e  P1IV                                       
0000020f  P1IV_H                                     
0000020e  P1IV_L                                     
00000202  P1OUT                                      
00000206  P1REN                                      
0000020a  P1SEL0                                     
0000020c  P1SEL1                                     
00000216  P1SELC                                     
00000205  P2DIR                                      
0000021b  P2IE                                       
00000219  P2IES                                      
0000021d  P2IFG                                      
00000201  P2IN                                       
0000021e  P2IV                                       
0000021f  P2IV_H                                     
0000021e  P2IV_L                                     
00000203  P2OUT                                      
00000207  P2REN                                      
0000020b  P2SEL0                                     
0000020d  P2SEL1                                     
00000217  P2SELC                                     
00000224  P3DIR                                      
0000023a  P3IE                                       
00000238  P3IES                                      
0000023c  P3IFG                                      
00000220  P3IN                                       
0000022e  P3IV                                       
0000022f  P3IV_H                                     
0000022e  P3IV_L                                     
00000222  P3OUT                                      
00000226  P3REN                                      
0000022a  P3SEL0                                     
0000022c  P3SEL1                                     
00000236  P3SELC                                     
00000225  P4DIR                                      
0000023b  P4IE                                       
00000239  P4IES                                      
0000023d  P4IFG                                      
00000221  P4IN                                       
0000023e  P4IV                                       
0000023f  P4IV_H                                     
0000023e  P4IV_L                                     
00000223  P4OUT                                      
00000227  P4REN                                      
0000022b  P4SEL0                                     
0000022d  P4SEL1                                     
00000237  P4SELC                                     
00000244  P5DIR                                      
0000025a  P5IE                                       
00000258  P5IES                                      
0000025c  P5IFG                                      
00000240  P5IN                                       
0000024e  P5IV                                       
0000024f  P5IV_H                                     
0000024e  P5IV_L                                     
00000242  P5OUT                                      
00000246  P5REN                                      
0000024a  P5SEL0                                     
0000024c  P5SEL1                                     
00000256  P5SELC                                     
00000245  P6DIR                                      
0000025b  P6IE                                       
00000259  P6IES                                      
0000025d  P6IFG                                      
00000241  P6IN                                       
0000025e  P6IV                                       
0000025f  P6IV_H                                     
0000025e  P6IV_L                                     
00000243  P6OUT                                      
00000247  P6REN                                      
0000024b  P6SEL0                                     
0000024d  P6SEL1                                     
00000257  P6SELC                                     
00000204  PADIR                                      
00000205  PADIR_H                                    
00000204  PADIR_L                                    
0000021a  PAIE                                       
00000218  PAIES                                      
00000219  PAIES_H                                    
00000218  PAIES_L                                    
0000021b  PAIE_H                                     
0000021a  PAIE_L                                     
0000021c  PAIFG                                      
0000021d  PAIFG_H                                    
0000021c  PAIFG_L                                    
00000200  PAIN                                       
00000201  PAIN_H                                     
00000200  PAIN_L                                     
00000202  PAOUT                                      
00000203  PAOUT_H                                    
00000202  PAOUT_L                                    
00000206  PAREN                                      
00000207  PAREN_H                                    
00000206  PAREN_L                                    
0000020a  PASEL0                                     
0000020b  PASEL0_H                                   
0000020a  PASEL0_L                                   
0000020c  PASEL1                                     
0000020d  PASEL1_H                                   
0000020c  PASEL1_L                                   
00000216  PASELC                                     
00000217  PASELC_H                                   
00000216  PASELC_L                                   
00000224  PBDIR                                      
00000225  PBDIR_H                                    
00000224  PBDIR_L                                    
0000023a  PBIE                                       
00000238  PBIES                                      
00000239  PBIES_H                                    
00000238  PBIES_L                                    
0000023b  PBIE_H                                     
0000023a  PBIE_L                                     
0000023c  PBIFG                                      
0000023d  PBIFG_H                                    
0000023c  PBIFG_L                                    
00000220  PBIN                                       
00000221  PBIN_H                                     
00000220  PBIN_L                                     
00000222  PBOUT                                      
00000223  PBOUT_H                                    
00000222  PBOUT_L                                    
00000226  PBREN                                      
00000227  PBREN_H                                    
00000226  PBREN_L                                    
0000022a  PBSEL0                                     
0000022b  PBSEL0_H                                   
0000022a  PBSEL0_L                                   
0000022c  PBSEL1                                     
0000022d  PBSEL1_H                                   
0000022c  PBSEL1_L                                   
00000236  PBSELC                                     
00000237  PBSELC_H                                   
00000236  PBSELC_L                                   
00000244  PCDIR                                      
00000245  PCDIR_H                                    
00000244  PCDIR_L                                    
0000025a  PCIE                                       
00000258  PCIES                                      
00000259  PCIES_H                                    
00000258  PCIES_L                                    
0000025b  PCIE_H                                     
0000025a  PCIE_L                                     
0000025c  PCIFG                                      
0000025d  PCIFG_H                                    
0000025c  PCIFG_L                                    
00000240  PCIN                                       
00000241  PCIN_H                                     
00000240  PCIN_L                                     
00000242  PCOUT                                      
00000243  PCOUT_H                                    
00000242  PCOUT_L                                    
00000246  PCREN                                      
00000247  PCREN_H                                    
00000246  PCREN_L                                    
0000024a  PCSEL0                                     
0000024b  PCSEL0_H                                   
0000024a  PCSEL0_L                                   
0000024c  PCSEL1                                     
0000024d  PCSEL1_H                                   
0000024c  PCSEL1_L                                   
00000256  PCSELC                                     
00000257  PCSELC_H                                   
00000256  PCSELC_L                                   
00000324  PJDIR                                      
00000325  PJDIR_H                                    
00000324  PJDIR_L                                    
00000320  PJIN                                       
00000321  PJIN_H                                     
00000320  PJIN_L                                     
00000322  PJOUT                                      
00000323  PJOUT_H                                    
00000322  PJOUT_L                                    
00000326  PJREN                                      
00000327  PJREN_H                                    
00000326  PJREN_L                                    
0000032a  PJSEL0                                     
0000032b  PJSEL0_H                                   
0000032a  PJSEL0_L                                   
0000032c  PJSEL1                                     
0000032d  PJSEL1_H                                   
0000032c  PJSEL1_L                                   
00000336  PJSELC                                     
00000337  PJSELC_H                                   
00000336  PJSELC_L                                   
00000130  PM5CTL0                                    
00000131  PM5CTL0_H                                  
00000130  PM5CTL0_L                                  
00000120  PMMCTL0                                    
00000121  PMMCTL0_H                                  
00000120  PMMCTL0_L                                  
00000124  PMMCTL2                                    
00000125  PMMCTL2_H                                  
00000124  PMMCTL2_L                                  
0000012a  PMMIFG                                     
0000012b  PMMIFG_H                                   
0000012a  PMMIFG_L                                   
0000fa84  PMM_unlockLPM5                             
0000fddc  PORT2_ISR                                  
0000fe9c  PORT4_ISR                                  
000004e4  RES0                                       
000004e5  RES0_H                                     
000004e4  RES0_L                                     
000004e6  RES1                                       
000004e7  RES1_H                                     
000004e6  RES1_L                                     
000004e8  RES2                                       
000004e9  RES2_H                                     
000004e8  RES2_L                                     
000004ea  RES3                                       
000004eb  RES3_H                                     
000004ea  RES3_L                                     
000004cc  RESHI                                      
000004cd  RESHI_H                                    
000004cc  RESHI_L                                    
000004ca  RESLO                                      
000004cb  RESLO_H                                    
000004ca  RESLO_L                                    
0000030c  RTCCNT                                     
0000030d  RTCCNT_H                                   
0000030c  RTCCNT_L                                   
00000300  RTCCTL                                     
00000301  RTCCTL_H                                   
00000300  RTCCTL_L                                   
00000304  RTCIV                                      
00000305  RTCIV_H                                    
00000304  RTCIV_L                                    
00000308  RTCMOD                                     
00000309  RTCMOD_H                                   
00000308  RTCMOD_L                                   
00000c84  SAC0DAC                                    
00000c88  SAC0DACSTS                                 
00000c89  SAC0DACSTS_H                               
00000c88  SAC0DACSTS_L                               
00000c85  SAC0DAC_H                                  
00000c84  SAC0DAC_L                                  
00000c86  SAC0DAT                                    
00000c87  SAC0DAT_H                                  
00000c86  SAC0DAT_L                                  
00000c8a  SAC0IV                                     
00000c8b  SAC0IV_H                                   
00000c8a  SAC0IV_L                                   
00000c80  SAC0OA                                     
00000c81  SAC0OA_H                                   
00000c80  SAC0OA_L                                   
00000c82  SAC0PGA                                    
00000c83  SAC0PGA_H                                  
00000c82  SAC0PGA_L                                  
00000c94  SAC1DAC                                    
00000c98  SAC1DACSTS                                 
00000c99  SAC1DACSTS_H                               
00000c98  SAC1DACSTS_L                               
00000c95  SAC1DAC_H                                  
00000c94  SAC1DAC_L                                  
00000c96  SAC1DAT                                    
00000c97  SAC1DAT_H                                  
00000c96  SAC1DAT_L                                  
00000c9a  SAC1IV                                     
00000c9b  SAC1IV_H                                   
00000c9a  SAC1IV_L                                   
00000c90  SAC1OA                                     
00000c91  SAC1OA_H                                   
00000c90  SAC1OA_L                                   
00000c92  SAC1PGA                                    
00000c93  SAC1PGA_H                                  
00000c92  SAC1PGA_L                                  
00000ca4  SAC2DAC                                    
00000ca8  SAC2DACSTS                                 
00000ca9  SAC2DACSTS_H                               
00000ca8  SAC2DACSTS_L                               
00000ca5  SAC2DAC_H                                  
00000ca4  SAC2DAC_L                                  
00000ca6  SAC2DAT                                    
00000ca7  SAC2DAT_H                                  
00000ca6  SAC2DAT_L                                  
00000caa  SAC2IV                                     
00000cab  SAC2IV_H                                   
00000caa  SAC2IV_L                                   
00000ca0  SAC2OA                                     
00000ca1  SAC2OA_H                                   
00000ca0  SAC2OA_L                                   
00000ca2  SAC2PGA                                    
00000ca3  SAC2PGA_H                                  
00000ca2  SAC2PGA_L                                  
00000cb4  SAC3DAC                                    
00000cb8  SAC3DACSTS                                 
00000cb9  SAC3DACSTS_H                               
00000cb8  SAC3DACSTS_L                               
00000cb5  SAC3DAC_H                                  
00000cb4  SAC3DAC_L                                  
00000cb6  SAC3DAT                                    
00000cb7  SAC3DAT_H                                  
00000cb6  SAC3DAT_L                                  
00000cba  SAC3IV                                     
00000cbb  SAC3IV_H                                   
00000cba  SAC3IV_L                                   
00000cb0  SAC3OA                                     
00000cb1  SAC3OA_H                                   
00000cb0  SAC3OA_L                                   
00000cb2  SAC3PGA                                    
00000cb3  SAC3PGA_H                                  
00000cb2  SAC3PGA_L                                  
0000fe20  SAC3_ISR                                   
0000fa1e  SAC_DAC_disable                            
0000fa28  SAC_DAC_enable                             
0000fa32  SAC_DAC_interruptEnable                    
0000f91e  SAC_DAC_selectLoad                         
0000f934  SAC_DAC_selectRefVoltage                   
0000fa3c  SAC_DAC_setData                            
0000fa56  SAC_OA_disable                             
0000fa5e  SAC_OA_enable                              
0000f5b0  SAC_OA_init                                
0000f9fc  SAC_OA_selectPowerMode                     
0000f8d6  SAC_PGA_setGain                            
0000f8ee  SAC_PGA_setMode                            
0000fa66  SAC_disable                                
0000fa6e  SAC_enable                                 
00000100  SFRIE1                                     
00000101  SFRIE1_H                                   
00000100  SFRIE1_L                                   
00000102  SFRIFG1                                    
00000103  SFRIFG1_H                                  
00000102  SFRIFG1_L                                  
00000104  SFRRPCR                                    
00000105  SFRRPCR_H                                  
00000104  SFRRPCR_L                                  
000004ce  SUMEXT                                     
000004cf  SUMEXT_H                                   
000004ce  SUMEXT_L                                   
00000142  SYSBSLC                                    
00000143  SYSBSLC_H                                  
00000142  SYSBSLC_L                                  
00000160  SYSCFG0                                    
00000161  SYSCFG0_H                                  
00000160  SYSCFG0_L                                  
00000162  SYSCFG1                                    
00000163  SYSCFG1_H                                  
00000162  SYSCFG1_L                                  
00000164  SYSCFG2                                    
00000165  SYSCFG2_H                                  
00000164  SYSCFG2_L                                  
00000140  SYSCTL                                     
00000141  SYSCTL_H                                   
00000140  SYSCTL_L                                   
00000146  SYSJMBC                                    
00000147  SYSJMBC_H                                  
00000146  SYSJMBC_L                                  
00000148  SYSJMBI0                                   
00000149  SYSJMBI0_H                                 
00000148  SYSJMBI0_L                                 
0000014a  SYSJMBI1                                   
0000014b  SYSJMBI1_H                                 
0000014a  SYSJMBI1_L                                 
0000014c  SYSJMBO0                                   
0000014d  SYSJMBO0_H                                 
0000014c  SYSJMBO0_L                                 
0000014e  SYSJMBO1                                   
0000014f  SYSJMBO1_H                                 
0000014e  SYSJMBO1_L                                 
0000015e  SYSRSTIV                                   
0000015f  SYSRSTIV_H                                 
0000015e  SYSRSTIV_L                                 
0000015c  SYSSNIV                                    
0000015d  SYSSNIV_H                                  
0000015c  SYSSNIV_L                                  
0000015a  SYSUNIV                                    
0000015b  SYSUNIV_H                                  
0000015a  SYSUNIV_L                                  
00000392  TB0CCR0                                    
00000393  TB0CCR0_H                                  
00000392  TB0CCR0_L                                  
00000394  TB0CCR1                                    
00000395  TB0CCR1_H                                  
00000394  TB0CCR1_L                                  
00000396  TB0CCR2                                    
00000397  TB0CCR2_H                                  
00000396  TB0CCR2_L                                  
00000382  TB0CCTL0                                   
00000383  TB0CCTL0_H                                 
00000382  TB0CCTL0_L                                 
00000384  TB0CCTL1                                   
00000385  TB0CCTL1_H                                 
00000384  TB0CCTL1_L                                 
00000386  TB0CCTL2                                   
00000387  TB0CCTL2_H                                 
00000386  TB0CCTL2_L                                 
00000380  TB0CTL                                     
00000381  TB0CTL_H                                   
00000380  TB0CTL_L                                   
000003a0  TB0EX0                                     
000003a1  TB0EX0_H                                   
000003a0  TB0EX0_L                                   
000003ae  TB0IV                                      
000003af  TB0IV_H                                    
000003ae  TB0IV_L                                    
00000390  TB0R                                       
00000391  TB0R_H                                     
00000390  TB0R_L                                     
000003d2  TB1CCR0                                    
000003d3  TB1CCR0_H                                  
000003d2  TB1CCR0_L                                  
000003d4  TB1CCR1                                    
000003d5  TB1CCR1_H                                  
000003d4  TB1CCR1_L                                  
000003d6  TB1CCR2                                    
000003d7  TB1CCR2_H                                  
000003d6  TB1CCR2_L                                  
000003c2  TB1CCTL0                                   
000003c3  TB1CCTL0_H                                 
000003c2  TB1CCTL0_L                                 
000003c4  TB1CCTL1                                   
000003c5  TB1CCTL1_H                                 
000003c4  TB1CCTL1_L                                 
000003c6  TB1CCTL2                                   
000003c7  TB1CCTL2_H                                 
000003c6  TB1CCTL2_L                                 
000003c0  TB1CTL                                     
000003c1  TB1CTL_H                                   
000003c0  TB1CTL_L                                   
000003e0  TB1EX0                                     
000003e1  TB1EX0_H                                   
000003e0  TB1EX0_L                                   
000003ee  TB1IV                                      
000003ef  TB1IV_H                                    
000003ee  TB1IV_L                                    
000003d0  TB1R                                       
000003d1  TB1R_H                                     
000003d0  TB1R_L                                     
00000412  TB2CCR0                                    
00000413  TB2CCR0_H                                  
00000412  TB2CCR0_L                                  
00000414  TB2CCR1                                    
00000415  TB2CCR1_H                                  
00000414  TB2CCR1_L                                  
00000416  TB2CCR2                                    
00000417  TB2CCR2_H                                  
00000416  TB2CCR2_L                                  
00000402  TB2CCTL0                                   
00000403  TB2CCTL0_H                                 
00000402  TB2CCTL0_L                                 
00000404  TB2CCTL1                                   
00000405  TB2CCTL1_H                                 
00000404  TB2CCTL1_L                                 
00000406  TB2CCTL2                                   
00000407  TB2CCTL2_H                                 
00000406  TB2CCTL2_L                                 
00000400  TB2CTL                                     
00000401  TB2CTL_H                                   
00000400  TB2CTL_L                                   
00000420  TB2EX0                                     
00000421  TB2EX0_H                                   
00000420  TB2EX0_L                                   
0000042e  TB2IV                                      
0000042f  TB2IV_H                                    
0000042e  TB2IV_L                                    
00000410  TB2R                                       
00000411  TB2R_H                                     
00000410  TB2R_L                                     
00000452  TB3CCR0                                    
00000453  TB3CCR0_H                                  
00000452  TB3CCR0_L                                  
00000454  TB3CCR1                                    
00000455  TB3CCR1_H                                  
00000454  TB3CCR1_L                                  
00000456  TB3CCR2                                    
00000457  TB3CCR2_H                                  
00000456  TB3CCR2_L                                  
00000458  TB3CCR3                                    
00000459  TB3CCR3_H                                  
00000458  TB3CCR3_L                                  
0000045a  TB3CCR4                                    
0000045b  TB3CCR4_H                                  
0000045a  TB3CCR4_L                                  
0000045c  TB3CCR5                                    
0000045d  TB3CCR5_H                                  
0000045c  TB3CCR5_L                                  
0000045e  TB3CCR6                                    
0000045f  TB3CCR6_H                                  
0000045e  TB3CCR6_L                                  
00000442  TB3CCTL0                                   
00000443  TB3CCTL0_H                                 
00000442  TB3CCTL0_L                                 
00000444  TB3CCTL1                                   
00000445  TB3CCTL1_H                                 
00000444  TB3CCTL1_L                                 
00000446  TB3CCTL2                                   
00000447  TB3CCTL2_H                                 
00000446  TB3CCTL2_L                                 
00000448  TB3CCTL3                                   
00000449  TB3CCTL3_H                                 
00000448  TB3CCTL3_L                                 
0000044a  TB3CCTL4                                   
0000044b  TB3CCTL4_H                                 
0000044a  TB3CCTL4_L                                 
0000044c  TB3CCTL5                                   
0000044d  TB3CCTL5_H                                 
0000044c  TB3CCTL5_L                                 
0000044e  TB3CCTL6                                   
0000044f  TB3CCTL6_H                                 
0000044e  TB3CCTL6_L                                 
00000440  TB3CTL                                     
00000441  TB3CTL_H                                   
00000440  TB3CTL_L                                   
00000460  TB3EX0                                     
00000461  TB3EX0_H                                   
00000460  TB3EX0_L                                   
0000046e  TB3IV                                      
0000046f  TB3IV_H                                    
0000046e  TB3IV_L                                    
00000450  TB3R                                       
00000451  TB3R_H                                     
00000450  TB3R_L                                     
0000fd82  TIMER0_B0_ISR                              
0000fa8a  Timer_B_clear                              
0000eb5a  Timer_B_initUpMode                         
0000eda8  Timer_B_outputPWM                          
0000fa90  Timer_B_startCounter                       
0000fa76  Timer_B_stop                               
00000510  UCA0ABCTL                                  
00000511  UCA0ABCTL_H                                
00000510  UCA0ABCTL_L                                
00000506  UCA0BRW                                    
00000507  UCA0BRW_H                                  
00000506  UCA0BRW_L                                  
00000500  UCA0CTLW0                                  
00000501  UCA0CTLW0_H                                
00000500  UCA0CTLW0_L                                
00000502  UCA0CTLW1                                  
00000503  UCA0CTLW1_H                                
00000502  UCA0CTLW1_L                                
0000051a  UCA0IE                                     
0000051b  UCA0IE_H                                   
0000051a  UCA0IE_L                                   
0000051c  UCA0IFG                                    
0000051d  UCA0IFG_H                                  
0000051c  UCA0IFG_L                                  
00000512  UCA0IRCTL                                  
00000513  UCA0IRCTL_H                                
00000512  UCA0IRCTL_L                                
0000051e  UCA0IV                                     
0000051f  UCA0IV_H                                   
0000051e  UCA0IV_L                                   
00000508  UCA0MCTLW                                  
00000509  UCA0MCTLW_H                                
00000508  UCA0MCTLW_L                                
0000050c  UCA0RXBUF                                  
0000050d  UCA0RXBUF_H                                
0000050c  UCA0RXBUF_L                                
0000050a  UCA0STATW                                  
0000050b  UCA0STATW_H                                
0000050a  UCA0STATW_L                                
0000050e  UCA0TXBUF                                  
0000050f  UCA0TXBUF_H                                
0000050e  UCA0TXBUF_L                                
00000590  UCA1ABCTL                                  
00000591  UCA1ABCTL_H                                
00000590  UCA1ABCTL_L                                
00000586  UCA1BRW                                    
00000587  UCA1BRW_H                                  
00000586  UCA1BRW_L                                  
00000580  UCA1CTLW0                                  
00000581  UCA1CTLW0_H                                
00000580  UCA1CTLW0_L                                
00000582  UCA1CTLW1                                  
00000583  UCA1CTLW1_H                                
00000582  UCA1CTLW1_L                                
0000059a  UCA1IE                                     
0000059b  UCA1IE_H                                   
0000059a  UCA1IE_L                                   
0000059c  UCA1IFG                                    
0000059d  UCA1IFG_H                                  
0000059c  UCA1IFG_L                                  
00000592  UCA1IRCTL                                  
00000593  UCA1IRCTL_H                                
00000592  UCA1IRCTL_L                                
0000059e  UCA1IV                                     
0000059f  UCA1IV_H                                   
0000059e  UCA1IV_L                                   
00000588  UCA1MCTLW                                  
00000589  UCA1MCTLW_H                                
00000588  UCA1MCTLW_L                                
0000058c  UCA1RXBUF                                  
0000058d  UCA1RXBUF_H                                
0000058c  UCA1RXBUF_L                                
0000058a  UCA1STATW                                  
0000058b  UCA1STATW_H                                
0000058a  UCA1STATW_L                                
0000058e  UCA1TXBUF                                  
0000058f  UCA1TXBUF_H                                
0000058e  UCA1TXBUF_L                                
0000055e  UCB0ADDMASK                                
0000055f  UCB0ADDMASK_H                              
0000055e  UCB0ADDMASK_L                              
0000055c  UCB0ADDRX                                  
0000055d  UCB0ADDRX_H                                
0000055c  UCB0ADDRX_L                                
00000546  UCB0BRW                                    
00000547  UCB0BRW_H                                  
00000546  UCB0BRW_L                                  
00000540  UCB0CTLW0                                  
00000541  UCB0CTLW0_H                                
00000540  UCB0CTLW0_L                                
00000542  UCB0CTLW1                                  
00000543  UCB0CTLW1_H                                
00000542  UCB0CTLW1_L                                
00000554  UCB0I2COA0                                 
00000555  UCB0I2COA0_H                               
00000554  UCB0I2COA0_L                               
00000556  UCB0I2COA1                                 
00000557  UCB0I2COA1_H                               
00000556  UCB0I2COA1_L                               
00000558  UCB0I2COA2                                 
00000559  UCB0I2COA2_H                               
00000558  UCB0I2COA2_L                               
0000055a  UCB0I2COA3                                 
0000055b  UCB0I2COA3_H                               
0000055a  UCB0I2COA3_L                               
00000560  UCB0I2CSA                                  
00000561  UCB0I2CSA_H                                
00000560  UCB0I2CSA_L                                
0000056a  UCB0IE                                     
0000056b  UCB0IE_H                                   
0000056a  UCB0IE_L                                   
0000056c  UCB0IFG                                    
0000056d  UCB0IFG_H                                  
0000056c  UCB0IFG_L                                  
0000056e  UCB0IV                                     
0000056f  UCB0IV_H                                   
0000056e  UCB0IV_L                                   
0000054c  UCB0RXBUF                                  
0000054d  UCB0RXBUF_H                                
0000054c  UCB0RXBUF_L                                
00000548  UCB0STATW                                  
00000549  UCB0STATW_H                                
00000548  UCB0STATW_L                                
0000054a  UCB0TBCNT                                  
0000054b  UCB0TBCNT_H                                
0000054a  UCB0TBCNT_L                                
0000054e  UCB0TXBUF                                  
[...]
00000701  ADCCTL0_H                                  
00000702  ADCCTL1                                    
00000702  ADCCTL1_L                                  
00000703  ADCCTL1_H                                  
00000704  ADCCTL2                                    
00000704  ADCCTL2_L                                  
00000705  ADCCTL2_H                                  
00000706  ADCLO                                      
00000706  ADCLO_L                                    
00000707  ADCLO_H                                    
00000708  ADCHI                                      
00000708  ADCHI_L                                    
00000709  ADCHI_H                                    
0000070a  ADCMCTL0                                   
0000070a  ADCMCTL0_L                                 
0000070b  ADCMCTL0_H                                 
00000712  ADCMEM0                                    
00000712  ADCMEM0_L                                  
00000713  ADCMEM0_H                                  
0000071a  ADCIE                                      
0000071a  ADCIE_L                                    
0000071b  ADCIE_H                                    
0000071c  ADCIFG                                     
0000071c  ADCIFG_L                                   
0000071d  ADCIFG_H                                   
0000071e  ADCIV                                      
0000071e  ADCIV_L                                    
0000071f  ADCIV_H                                    
000008e0  CP0CTL0                                    
000008e0  CP0CTL0_L                                  
000008e1  CP0CTL0_H                                  
000008e2  CP0CTL1                                    
000008e2  CP0CTL1_L                                  
000008e3  CP0CTL1_H                                  
000008e6  CP0INT                                     
000008e6  CP0INT_L                                   
000008e7  CP0INT_H                                   
000008e8  CP0IV                                      
000008e8  CP0IV_L                                    
000008e9  CP0IV_H                                    
000008f0  CP0DACCTL                                  
000008f0  CP0DACCTL_L                                
000008f1  CP0DACCTL_H                                
000008f2  CP0DACDATA                                 
000008f2  CP0DACDATA_L                               
000008f3  CP0DACDATA_H                               
00000900  CP1CTL0                                    
00000900  CP1CTL0_L                                  
00000901  CP1CTL0_H                                  
00000902  CP1CTL1                                    
00000902  CP1CTL1_L                                  
00000903  CP1CTL1_H                                  
00000906  CP1INT                                     
00000906  CP1INT_L                                   
00000907  CP1INT_H                                   
00000908  CP1IV                                      
00000908  CP1IV_L                                    
00000909  CP1IV_H                                    
00000910  CP1DACCTL                                  
00000910  CP1DACCTL_L                                
00000911  CP1DACCTL_H                                
00000912  CP1DACDATA                                 
00000912  CP1DACDATA_L                               
00000913  CP1DACDATA_H                               
00000c80  SAC0OA                                     
00000c80  SAC0OA_L                                   
00000c81  SAC0OA_H                                   
00000c82  SAC0PGA                                    
00000c82  SAC0PGA_L                                  
00000c83  SAC0PGA_H                                  
00000c84  SAC0DAC                                    
00000c84  SAC0DAC_L                                  
00000c85  SAC0DAC_H                                  
00000c86  SAC0DAT                                    
00000c86  SAC0DAT_L                                  
00000c87  SAC0DAT_H                                  
00000c88  SAC0DACSTS                                 
00000c88  SAC0DACSTS_L                               
00000c89  SAC0DACSTS_H                               
00000c8a  SAC0IV                                     
00000c8a  SAC0IV_L                                   
00000c8b  SAC0IV_H                                   
00000c90  SAC1OA                                     
00000c90  SAC1OA_L                                   
00000c91  SAC1OA_H                                   
00000c92  SAC1PGA                                    
00000c92  SAC1PGA_L                                  
00000c93  SAC1PGA_H                                  
00000c94  SAC1DAC                                    
00000c94  SAC1DAC_L                                  
00000c95  SAC1DAC_H                                  
00000c96  SAC1DAT                                    
00000c96  SAC1DAT_L                                  
00000c97  SAC1DAT_H                                  
00000c98  SAC1DACSTS                                 
00000c98  SAC1DACSTS_L                               
00000c99  SAC1DACSTS_H                               
00000c9a  SAC1IV                                     
00000c9a  SAC1IV_L                                   
00000c9b  SAC1IV_H                                   
00000ca0  SAC2OA                                     
00000ca0  SAC2OA_L                                   
00000ca1  SAC2OA_H                                   
00000ca2  SAC2PGA                                    
00000ca2  SAC2PGA_L                                  
00000ca3  SAC2PGA_H                                  
00000ca4  SAC2DAC                                    
00000ca4  SAC2DAC_L                                  
00000ca5  SAC2DAC_H                                  
00000ca6  SAC2DAT                                    
00000ca6  SAC2DAT_L                                  
00000ca7  SAC2DAT_H                                  
00000ca8  SAC2DACSTS                                 
00000ca8  SAC2DACSTS_L                               
00000ca9  SAC2DACSTS_H                               
00000caa  SAC2IV                                     
00000caa  SAC2IV_L                                   
00000cab  SAC2IV_H                                   
00000cb0  SAC3OA                                     
00000cb0  SAC3OA_L                                   
00000cb1  SAC3OA_H                                   
00000cb2  SAC3PGA                                    
00000cb2  SAC3PGA_L                                  
00000cb3  SAC3PGA_H                                  
00000cb4  SAC3DAC                                    
00000cb4  SAC3DAC_L                                  
00000cb5  SAC3DAC_H                                  
00000cb6  SAC3DAT                                    
00000cb6  SAC3DAT_L                                  
00000cb7  SAC3DAT_H                                  
00000cb8  SAC3DACSTS                                 
00000cb8  SAC3DACSTS_L                               
00000cb9  SAC3DACSTS_H                               
00000cba  SAC3IV                                     
00000cba  SAC3IV_L                                   
00000cbb  SAC3IV_H                                   
00002000  t                                          
00002200  rxString                                   
00002300  txString                                   
00002400  p                                          
00002406  led1_dutycycle                             
00002408  led2_dutycycle                             
0000240a  calibratedADC                              
0000240c  period                                     
0000240e  counter                                    
00002410  deadzone                                   
00002412  runningAvg                                 
00002414  rxStringReady                              
00002418  index                                      
0000241a  errno                                      
00002f60  _stack                                     
00003000  __STACK_END                                
00008000  fram_rw_start                              
00008000  signal                                     
0000c000  inputSignalSource                          
0000c002  signalType                                 
0000c004  dacFreq                                    
0000c006  sampleLen                                  
0000c008  signalFreq                                 
0000c00a  signalAmp                                  
0000c00c  opAmpMode                                  
0000c00e  opAmpGain                                  
0000c010  adcFreq                                    
0000c012  functiongenerator_ADC_Result               
0000c014  lightsensor_ADC_Result                     
0000c016  mode                                       
0000c400  fram_rx_start                              
0000c414  __TI_Handler_Table_Base                    
0000c420  __TI_Handler_Table_Limit                   
0000c426  __TI_CINIT_Base                            
0000c436  __TI_CINIT_Limit                           
0000c436  __TI_CINIT_Warm                            
0000c436  _ctypes_                                   
0000c688  msp430_cos_coeffs                          
0000c6ac  msp430_sin_coeffs                          
0000c6ee  __TI_frcdivd                               
0000cb56  msp430_cos_sin                             
0000cf6c  __mspabi_mpyd                              
0000d1fe  jsmn_parse                                 
0000d47e  strtol                                     
0000d6c6  __mspabi_divd                              
0000d8e2  init_DAC_Signal                            
0000dc0e  __TI_frcmpyd                               
0000ded0  functiongenerator                          
0000e006  __mspabi_subf                              
0000e00c  __mspabi_addf                              
0000e138  __TI_printfi_minimal                       
0000e2f6  init_PGA                                   
0000e3c2  init_ADC                                   
0000e53e  init_DAC                                   
0000e5f6  __mspabi_mpyf                              
0000e6ae  __mspabi_cvtdf                             
0000e760  lightsensor_init_ADC                       
0000e802  __mspabi_fltlid                            
0000e8a0  EUSCI_A_UART_init                          
0000e93a  __mspabi_divf                              
0000e9ca  init_GPIO                                  
0000ea52  lightsensor                                
0000ead8  init_EUSCI                                 
0000eb5a  Timer_B_initUpMode                         
0000ebd6  __TI_auto_init_nobinit_nopinit_hold_wdt    
0000ec4e  __TI_decompress_lzss                       
0000ecc4  GPIO_setAsPeripheralModuleFunctionInputPin 
0000ed36  GPIO_setAsPeripheralModuleFunctionOutputPin
0000eda8  Timer_B_outputPWM                          
0000ee1a  __mspabi_fixfi                             
0000ee82  init_CS                                    
0000eee0  __mspabi_mpyll_f5hw                        
0000ef3c  lightsensor_init_SACOA                     
0000ef94  __mspabi_divul                             
0000ef94  __mspabi_remul                             
0000efec  receiveString                              
0000f08e  ADC_init                                   
0000f0d8  GPIO_setAsInputPinWithPullUpResistor       
0000f122  functiongenerator_disable                  
0000f1b4  transmitString                             
0000f1fa  sprintf                                    
0000f23e  lightsensor_init_LED_PWM                   
0000f27e  __mspabi_divli                             
0000f27e  __mspabi_remli                             
0000f2be  __mspabi_sral_15                           
0000f2c2  __mspabi_sral_14                           
0000f2c6  __mspabi_sral_13                           
0000f2ca  __mspabi_sral_12                           
0000f2ce  __mspabi_sral_11                           
0000f2d2  __mspabi_sral_10                           
0000f2d6  __mspabi_sral_9                            
0000f2da  __mspabi_sral_8                            
0000f2de  __mspabi_sral_7                            
0000f2e2  __mspabi_sral_6                            
0000f2e6  __mspabi_sral_5                            
0000f2ea  __mspabi_sral_4                            
0000f2ee  __mspabi_sral_3                            
0000f2f2  __mspabi_sral_2                            
0000f2f6  __mspabi_sral_1                            
0000f2fc  __mspabi_slll_15                           
0000f300  __mspabi_slll_14                           
0000f304  __mspabi_slll_13                           
0000f308  __mspabi_slll_12                           
0000f30c  __mspabi_slll_11                           
0000f310  __mspabi_slll_10                           
0000f314  __mspabi_slll_9                            
0000f318  __mspabi_slll_8                            
0000f31c  __mspabi_slll_7                            
0000f320  __mspabi_slll_6                            
0000f324  __mspabi_slll_5                            
0000f328  __mspabi_slll_4                            
0000f32c  __mspabi_slll_3                            
0000f330  __mspabi_slll_2                            
0000f334  __mspabi_slll_1                            
0000f33a  __mspabi_srll_15                           
0000f33e  __mspabi_srll_14                           
0000f342  __mspabi_srll_13                           
0000f346  __mspabi_srll_12                           
0000f34a  __mspabi_srll_11                           
0000f34e  __mspabi_srll_10                           
0000f352  __mspabi_srll_9                            
0000f356  __mspabi_srll_8                            
0000f35a  __mspabi_srll_7                            
0000f35e  __mspabi_srll_6                            
0000f362  __mspabi_srll_5                            
0000f366  __mspabi_srll_4                            
0000f36a  __mspabi_srll_3                            
0000f36e  __mspabi_srll_2                            
0000f372  __mspabi_srll_1                            
0000f378  __mpu_init                                 
0000f3b4  memcpy                                     
0000f3f0  __mspabi_sllll                             
0000f42a  __mspabi_srlll                             
0000f49e  lightsensor_init_GPIO                      
0000f4d8  strncmp                                    
0000f510  main                                       
0000f546  __mspabi_fltif                             
0000f57c  GPIO_setAsOutputPin                        
0000f5b0  SAC_OA_init                                
0000f5e4  functiongenerator_init_GPIO                
0000f618  memccpy                                    
0000f64c  GPIO_selectInterruptEdge                   
0000f67a  __mspabi_mpyull_f5hw                       
0000f6a6  __mspabi_divi                              
0000f6a6  __mspabi_remi                              
0000f6fa  functiongenerator_enable                   
0000f722  ADC_startConversion                        
0000f746  __TI_zero_init                             
0000f76a  __mspabi_fltuf                             
0000f78e  __mspabi_mpyl_f5hw                         
0000f7b2  EUSCI_A_UART_enableInterrupt               
0000f7d4  EUSCI_A_UART_transmitData                  
0000f7f6  memset                                     
0000f816  GPIO_clearInterrupt                        
0000f834  GPIO_enableInterrupt                       
0000f852  GPIO_setOutputHighOnPin                    
0000f86e  GPIO_setOutputLowOnPin                     
0000f88a  ADC_configureMemory                        
0000f8a4  ADC_setupSamplingTimer                     
0000f8be  ADC_setResolution                          
0000f8d6  SAC_PGA_setGain                            
0000f8ee  SAC_PGA_setMode                            
0000f906  __mspabi_mpyi_f5hw                         
0000f91e  SAC_DAC_selectLoad                         
0000f934  SAC_DAC_selectRefVoltage                   
0000f94a  WDT_A_hold                                 
0000f960  __TI_decompress_none                       
0000f976  __mspabi_divu                              
0000f976  __mspabi_remu                              
0000f9b2  strlen                                     
0000f9c4  ADC_clearInterrupt                         
0000f9d2  ADC_enableInterrupt                        
0000f9e0  EUSCI_A_UART_clearInterrupt                
0000f9ee  jsmn_init                                  
0000f9fc  SAC_OA_selectPowerMode                     
0000fa08  __mspabi_fltid                             
0000fa14  EUSCI_A_UART_queryStatusFlags              
0000fa1e  SAC_DAC_disable                            
0000fa28  SAC_DAC_enable                             
0000fa32  SAC_DAC_interruptEnable                    
0000fa3c  SAC_DAC_setData                            
0000fa46  ADC_disable                                
0000fa4e  ADC_enable                                 
0000fa56  SAC_OA_disable                             
0000fa5e  SAC_OA_enable                              
0000fa66  SAC_disable                                
0000fa6e  SAC_enable                                 
0000fa76  Timer_B_stop                               
0000fa7e  EUSCI_A_UART_enable                        
0000fa84  PMM_unlockLPM5                             
0000fa8a  Timer_B_clear                              
0000fa90  Timer_B_startCounter                       
0000fa96  C$$EXIT                                    
0000fa96  abort                                      
0000fa9c  sinf                                       
0000faa2  _system_pre_init                           
0000faa6  _system_post_cinit                         
0000faa8  USCI_A1_ISR                                
0000fd82  TIMER0_B0_ISR                              
0000fddc  PORT2_ISR                                  
0000fe20  SAC3_ISR                                   
0000fe52  ADC_ISR                                    
0000fe7c  _c_int00_noargs_mpu                        
0000fe9c  PORT4_ISR                                  
0000fea8  __TI_ISR_TRAP                              
0000ffce  __TI_int22                                 
0000ffd0  __TI_int23                                 
0000ffd2  __TI_int24                                 
0000ffd4  __TI_int25                                 
0000ffd6  __TI_int26                                 
0000ffd8  __TI_int27                                 
0000ffda  __TI_int28                                 
0000ffdc  __TI_int29                                 
0000ffde  __TI_int30                                 
0000ffe0  __TI_int31                                 
0000ffe2  __TI_int32                                 
0000ffe4  __TI_int33                                 
0000ffe6  __TI_int34                                 
0000ffe8  __TI_int35                                 
0000ffea  __TI_int36                                 
0000ffec  __TI_int37                                 
0000ffee  __TI_int38                                 
0000fff0  __TI_int39                                 
0000fff2  __TI_int40                                 
0000fff4  __TI_int41                                 
0000fff6  __TI_int42                                 
0000fff8  __TI_int43                                 
0000fffa  __TI_int44                                 
0000fffc  __TI_int45                                 
0000fffe  _reset_vector                              
ffffffff  __TI_pprof_out_hndl                        
ffffffff  __TI_prof_data_size                        
ffffffff  __TI_prof_data_start                       
ffffffff  __c_args__                                 

[1145 symbols]
