<?xml version="1.0" encoding="ISO-8859-1" ?>
<link_info>
   <banner>MSP430 Linker Unix v21.6.1.LTS</banner>
   <copyright>Copyright (c) 2003-2018 Texas Instruments Incorporated</copyright>
   <link_time>0x660faa9e</link_time>
   <link_errors>0x0</link_errors>
   <output_file>OutOfBox_MSP-EXP430FR2355.out</output_file>
   <entry_point>
      <name>_c_int00_noargs_mpu</name>
      <address>0xfe7c</address>
   </entry_point>
   <input_file_list>
      <input_file id="fl-2">
         <path>./</path>
         <kind>object</kind>
         <file>functiongenerator.obj</file>
         <name>functiongenerator.obj</name>
      </input_file>
      <input_file id="fl-3">
         <path>./</path>
         <kind>object</kind>
         <file>lightsensor.obj</file>
         <name>lightsensor.obj</name>
      </input_file>
      <input_file id="fl-4">
         <path>./</path>
         <kind>object</kind>
         <file>main.obj</file>
         <name>main.obj</name>
      </input_file>
      <input_file id="fl-5">
         <path>./driverlib/MSP430FR2xx_4xx/</path>
         <kind>object</kind>
         <file>adc.obj</file>
         <name>adc.obj</name>
      </input_file>
      <input_file id="fl-6">
         <path>./driverlib/MSP430FR2xx_4xx/</path>
         <kind>object</kind>
         <file>crc.obj</file>
         <name>crc.obj</name>
      </input_file>
      <input_file id="fl-7">
         <path>./driverlib/MSP430FR2xx_4xx/</path>
         <kind>object</kind>
         <file>cs.obj</file>
         <name>cs.obj</name>
      </input_file>
      <input_file id="fl-8">
         <path>./driverlib/MSP430FR2xx_4xx/</path>
         <kind>object</kind>
         <file>ecomp.obj</file>
         <name>ecomp.obj</name>
      </input_file>
      <input_file id="fl-9">
         <path>./driverlib/MSP430FR2xx_4xx/</path>
         <kind>object</kind>
         <file>eusci_a_spi.obj</file>
         <name>eusci_a_spi.obj</name>
      </input_file>
      <input_file id="fl-a">
         <path>./driverlib/MSP430FR2xx_4xx/</path>
         <kind>object</kind>
         <file>eusci_a_uart.obj</file>
         <name>eusci_a_uart.obj</name>
      </input_file>
      <input_file id="fl-b">
         <path>./driverlib/MSP430FR2xx_4xx/</path>
         <kind>object</kind>
         <file>eusci_b_i2c.obj</file>
         <name>eusci_b_i2c.obj</name>
      </input_file>
      <input_file id="fl-c">
         <path>./driverlib/MSP430FR2xx_4xx/</path>
         <kind>object</kind>
         <file>eusci_b_spi.obj</file>
         <name>eusci_b_spi.obj</name>
      </input_file>
      <input_file id="fl-d">
         <path>./driverlib/MSP430FR2xx_4xx/</path>
         <kind>object</kind>
         <file>framctl.obj</file>
         <name>framctl.obj</name>
      </input_file>
      <input_file id="fl-e">
         <path>./driverlib/MSP430FR2xx_4xx/</path>
         <kind>object</kind>
         <file>gpio.obj</file>
         <name>gpio.obj</name>
      </input_file>
      <input_file id="fl-f">
         <path>./driverlib/MSP430FR2xx_4xx/</path>
         <kind>object</kind>
         <file>icc.obj</file>
         <name>icc.obj</name>
      </input_file>
      <input_file id="fl-10">
         <path>./driverlib/MSP430FR2xx_4xx/</path>
         <kind>object</kind>
         <file>lcd_e.obj</file>
         <name>lcd_e.obj</name>
      </input_file>
      <input_file id="fl-11">
         <path>./driverlib/MSP430FR2xx_4xx/</path>
         <kind>object</kind>
         <file>mpy32.obj</file>
         <name>mpy32.obj</name>
      </input_file>
      <input_file id="fl-12">
         <path>./driverlib/MSP430FR2xx_4xx/</path>
         <kind>object</kind>
         <file>pmm.obj</file>
         <name>pmm.obj</name>
      </input_file>
      <input_file id="fl-13">
         <path>./driverlib/MSP430FR2xx_4xx/</path>
         <kind>object</kind>
         <file>rtc.obj</file>
         <name>rtc.obj</name>
      </input_file>
      <input_file id="fl-14">
         <path>./driverlib/MSP430FR2xx_4xx/</path>
         <kind>object</kind>
         <file>sac.obj</file>
         <name>sac.obj</name>
      </input_file>
      <input_file id="fl-15">
         <path>./driverlib/MSP430FR2xx_4xx/</path>
         <kind>object</kind>
         <file>sfr.obj</file>
         <name>sfr.obj</name>
      </input_file>
      <input_file id="fl-16">
         <path>./driverlib/MSP430FR2xx_4xx/</path>
         <kind>object</kind>
         <file>sysctl.obj</file>
         <name>sysctl.obj</name>
      </input_file>
      <input_file id="fl-17">
         <path>./driverlib/MSP430FR2xx_4xx/</path>
         <kind>object</kind>
         <file>tia.obj</file>
         <name>tia.obj</name>
      </input_file>
      <input_file id="fl-18">
         <path>./driverlib/MSP430FR2xx_4xx/</path>
         <kind>object</kind>
         <file>timer_a.obj</file>
         <name>timer_a.obj</name>
      </input_file>
      <input_file id="fl-19">
         <path>./driverlib/MSP430FR2xx_4xx/</path>
         <kind>object</kind>
         <file>timer_b.obj</file>
         <name>timer_b.obj</name>
      </input_file>
      <input_file id="fl-1a">
         <path>./driverlib/MSP430FR2xx_4xx/</path>
         <kind>object</kind>
         <file>tlv.obj</file>
         <name>tlv.obj</name>
      </input_file>
      <input_file id="fl-1b">
         <path>./driverlib/MSP430FR2xx_4xx/</path>
         <kind>object</kind>
         <file>wdt_a.obj</file>
         <name>wdt_a.obj</name>
      </input_file>
      <input_file id="fl-1c">
         <path>./jsmn/</path>
         <kind>object</kind>
         <file>jsmn.obj</file>
         <name>jsmn.obj</name>
      </input_file>
      <input_file id="fl-23">
         <kind>object</kind>
         <file>&lt;internal&gt;</file>
         <name>&lt;internal&gt;</name>
      </input_file>
      <input_file id="fl-43">
         <path>/Applications/ti/ccs1260/ccs/tools/compiler/ti-cgt-msp430_21.6.1.LTS/lib/</path>
         <kind>archive</kind>
         <file>rts430x_lc_ld_eabi.lib</file>
         <name>copy_decompress_lzss.c.obj</name>
      </input_file>
      <input_file id="fl-44">
         <path>/Applications/ti/ccs1260/ccs/tools/compiler/ti-cgt-msp430_21.6.1.LTS/lib/</path>
         <kind>archive</kind>
         <file>rts430x_lc_ld_eabi.lib</file>
         <name>copy_decompress_none.c.obj</name>
      </input_file>
      <input_file id="fl-45">
         <path>/Applications/ti/ccs1260/ccs/tools/compiler/ti-cgt-msp430_21.6.1.LTS/lib/</path>
         <kind>archive</kind>
         <file>rts430x_lc_ld_eabi.lib</file>
         <name>int23.asm.obj</name>
      </input_file>
      <input_file id="fl-46">
         <path>/Applications/ti/ccs1260/ccs/tools/compiler/ti-cgt-msp430_21.6.1.LTS/lib/</path>
         <kind>archive</kind>
         <file>rts430x_lc_ld_eabi.lib</file>
         <name>isr_trap.asm.obj</name>
      </input_file>
      <input_file id="fl-47">
         <path>/Applications/ti/ccs1260/ccs/tools/compiler/ti-cgt-msp430_21.6.1.LTS/lib/</path>
         <kind>archive</kind>
         <file>rts430x_lc_ld_eabi.lib</file>
         <name>int25.asm.obj</name>
      </input_file>
      <input_file id="fl-48">
         <path>/Applications/ti/ccs1260/ccs/tools/compiler/ti-cgt-msp430_21.6.1.LTS/lib/</path>
         <kind>archive</kind>
         <file>rts430x_lc_ld_eabi.lib</file>
         <name>int27.asm.obj</name>
      </input_file>
      <input_file id="fl-49">
         <path>/Applications/ti/ccs1260/ccs/tools/compiler/ti-cgt-msp430_21.6.1.LTS/lib/</path>
         <kind>archive</kind>
         <file>rts430x_lc_ld_eabi.lib</file>
         <name>int28.asm.obj</name>
      </input_file>
      <input_file id="fl-4a">
         <path>/Applications/ti/ccs1260/ccs/tools/compiler/ti-cgt-msp430_21.6.1.LTS/lib/</path>
         <kind>archive</kind>
         <file>rts430x_lc_ld_eabi.lib</file>
         <name>int30.asm.obj</name>
      </input_file>
      <input_file id="fl-4b">
         <path>/Applications/ti/ccs1260/ccs/tools/compiler/ti-cgt-msp430_21.6.1.LTS/lib/</path>
         <kind>archive</kind>
         <file>rts430x_lc_ld_eabi.lib</file>
         <name>int31.asm.obj</name>
      </input_file>
      <input_file id="fl-4c">
         <path>/Applications/ti/ccs1260/ccs/tools/compiler/ti-cgt-msp430_21.6.1.LTS/lib/</path>
         <kind>archive</kind>
         <file>rts430x_lc_ld_eabi.lib</file>
         <name>int33.asm.obj</name>
      </input_file>
      <input_file id="fl-4d">
         <path>/Applications/ti/ccs1260/ccs/tools/compiler/ti-cgt-msp430_21.6.1.LTS/lib/</path>
         <kind>archive</kind>
         <file>rts430x_lc_ld_eabi.lib</file>
         <name>int34.asm.obj</name>
      </input_file>
      <input_file id="fl-4e">
         <path>/Applications/ti/ccs1260/ccs/tools/compiler/ti-cgt-msp430_21.6.1.LTS/lib/</path>
         <kind>archive</kind>
         <file>rts430x_lc_ld_eabi.lib</file>
         <name>int35.asm.obj</name>
      </input_file>
      <input_file id="fl-4f">
         <path>/Applications/ti/ccs1260/ccs/tools/compiler/ti-cgt-msp430_21.6.1.LTS/lib/</path>
         <kind>archive</kind>
         <file>rts430x_lc_ld_eabi.lib</file>
         <name>int36.asm.obj</name>
      </input_file>
      <input_file id="fl-50">
         <path>/Applications/ti/ccs1260/ccs/tools/compiler/ti-cgt-msp430_21.6.1.LTS/lib/</path>
         <kind>archive</kind>
         <file>rts430x_lc_ld_eabi.lib</file>
         <name>int37.asm.obj</name>
      </input_file>
      <input_file id="fl-51">
         <path>/Applications/ti/ccs1260/ccs/tools/compiler/ti-cgt-msp430_21.6.1.LTS/lib/</path>
         <kind>archive</kind>
         <file>rts430x_lc_ld_eabi.lib</file>
         <name>int38.asm.obj</name>
      </input_file>
      <input_file id="fl-52">
         <path>/Applications/ti/ccs1260/ccs/tools/compiler/ti-cgt-msp430_21.6.1.LTS/lib/</path>
         <kind>archive</kind>
         <file>rts430x_lc_ld_eabi.lib</file>
         <name>int39.asm.obj</name>
      </input_file>
      <input_file id="fl-53">
         <path>/Applications/ti/ccs1260/ccs/tools/compiler/ti-cgt-msp430_21.6.1.LTS/lib/</path>
         <kind>archive</kind>
         <file>rts430x_lc_ld_eabi.lib</file>
         <name>int40.asm.obj</name>
      </input_file>
      <input_file id="fl-54">
         <path>/Applications/ti/ccs1260/ccs/tools/compiler/ti-cgt-msp430_21.6.1.LTS/lib/</path>
         <kind>archive</kind>
         <file>rts430x_lc_ld_eabi.lib</file>
         <name>int41.asm.obj</name>
      </input_file>
      <input_file id="fl-55">
         <path>/Applications/ti/ccs1260/ccs/tools/compiler/ti-cgt-msp430_21.6.1.LTS/lib/</path>
         <kind>archive</kind>
         <file>rts430x_lc_ld_eabi.lib</file>
         <name>int42.asm.obj</name>
      </input_file>
      <input_file id="fl-56">
         <path>/Applications/ti/ccs1260/ccs/tools/compiler/ti-cgt-msp430_21.6.1.LTS/lib/</path>
         <kind>archive</kind>
         <file>rts430x_lc_ld_eabi.lib</file>
         <name>int44.asm.obj</name>
      </input_file>
      <input_file id="fl-57">
         <path>/Applications/ti/ccs1260/ccs/tools/compiler/ti-cgt-msp430_21.6.1.LTS/lib/</path>
         <kind>archive</kind>
         <file>rts430x_lc_ld_eabi.lib</file>
         <name>int45.asm.obj</name>
      </input_file>
      <input_file id="fl-58">
         <path>/Applications/ti/ccs1260/ccs/tools/compiler/ti-cgt-msp430_21.6.1.LTS/lib/</path>
         <kind>archive</kind>
         <file>rts430x_lc_ld_eabi.lib</file>
         <name>copy_zero_init.c.obj</name>
      </input_file>
      <input_file id="fl-59">
         <path>/Applications/ti/ccs1260/ccs/tools/compiler/ti-cgt-msp430_21.6.1.LTS/lib/</path>
         <kind>archive</kind>
         <file>rts430x_lc_ld_eabi.lib</file>
         <name>fs_add.asm.obj</name>
      </input_file>
      <input_file id="fl-5a">
         <path>/Applications/ti/ccs1260/ccs/tools/compiler/ti-cgt-msp430_21.6.1.LTS/lib/</path>
         <kind>archive</kind>
         <file>rts430x_lc_ld_eabi.lib</file>
         <name>cvtdf.c.obj</name>
      </input_file>
      <input_file id="fl-5b">
         <path>/Applications/ti/ccs1260/ccs/tools/compiler/ti-cgt-msp430_21.6.1.LTS/lib/</path>
         <kind>archive</kind>
         <file>rts430x_lc_ld_eabi.lib</file>
         <name>divd.c.obj</name>
      </input_file>
      <input_file id="fl-5c">
         <path>/Applications/ti/ccs1260/ccs/tools/compiler/ti-cgt-msp430_21.6.1.LTS/lib/</path>
         <kind>archive</kind>
         <file>rts430x_lc_ld_eabi.lib</file>
         <name>frcdivd.c.obj</name>
      </input_file>
      <input_file id="fl-5d">
         <path>/Applications/ti/ccs1260/ccs/tools/compiler/ti-cgt-msp430_21.6.1.LTS/lib/</path>
         <kind>archive</kind>
         <file>rts430x_lc_ld_eabi.lib</file>
         <name>fs_div.asm.obj</name>
      </input_file>
      <input_file id="fl-5e">
         <path>/Applications/ti/ccs1260/ccs/tools/compiler/ti-cgt-msp430_21.6.1.LTS/lib/</path>
         <kind>archive</kind>
         <file>rts430x_lc_ld_eabi.lib</file>
         <name>div16s.asm.obj</name>
      </input_file>
      <input_file id="fl-5f">
         <path>/Applications/ti/ccs1260/ccs/tools/compiler/ti-cgt-msp430_21.6.1.LTS/lib/</path>
         <kind>archive</kind>
         <file>rts430x_lc_ld_eabi.lib</file>
         <name>div32s.asm.obj</name>
      </input_file>
      <input_file id="fl-60">
         <path>/Applications/ti/ccs1260/ccs/tools/compiler/ti-cgt-msp430_21.6.1.LTS/lib/</path>
         <kind>archive</kind>
         <file>rts430x_lc_ld_eabi.lib</file>
         <name>div16u.asm.obj</name>
      </input_file>
      <input_file id="fl-61">
         <path>/Applications/ti/ccs1260/ccs/tools/compiler/ti-cgt-msp430_21.6.1.LTS/lib/</path>
         <kind>archive</kind>
         <file>rts430x_lc_ld_eabi.lib</file>
         <name>div32u.asm.obj</name>
      </input_file>
      <input_file id="fl-62">
         <path>/Applications/ti/ccs1260/ccs/tools/compiler/ti-cgt-msp430_21.6.1.LTS/lib/</path>
         <kind>archive</kind>
         <file>rts430x_lc_ld_eabi.lib</file>
         <name>fs_toi.asm.obj</name>
      </input_file>
      <input_file id="fl-63">
         <path>/Applications/ti/ccs1260/ccs/tools/compiler/ti-cgt-msp430_21.6.1.LTS/lib/</path>
         <kind>archive</kind>
         <file>rts430x_lc_ld_eabi.lib</file>
         <name>fltid.c.obj</name>
      </input_file>
      <input_file id="fl-64">
         <path>/Applications/ti/ccs1260/ccs/tools/compiler/ti-cgt-msp430_21.6.1.LTS/lib/</path>
         <kind>archive</kind>
         <file>rts430x_lc_ld_eabi.lib</file>
         <name>fs_itof.asm.obj</name>
      </input_file>
      <input_file id="fl-65">
         <path>/Applications/ti/ccs1260/ccs/tools/compiler/ti-cgt-msp430_21.6.1.LTS/lib/</path>
         <kind>archive</kind>
         <file>rts430x_lc_ld_eabi.lib</file>
         <name>fltlid.c.obj</name>
      </input_file>
      <input_file id="fl-66">
         <path>/Applications/ti/ccs1260/ccs/tools/compiler/ti-cgt-msp430_21.6.1.LTS/lib/</path>
         <kind>archive</kind>
         <file>rts430x_lc_ld_eabi.lib</file>
         <name>fs_utof.asm.obj</name>
      </input_file>
      <input_file id="fl-67">
         <path>/Applications/ti/ccs1260/ccs/tools/compiler/ti-cgt-msp430_21.6.1.LTS/lib/</path>
         <kind>archive</kind>
         <file>rts430x_lc_ld_eabi.lib</file>
         <name>mpyd.c.obj</name>
      </input_file>
      <input_file id="fl-68">
         <path>/Applications/ti/ccs1260/ccs/tools/compiler/ti-cgt-msp430_21.6.1.LTS/lib/</path>
         <kind>archive</kind>
         <file>rts430x_lc_ld_eabi.lib</file>
         <name>frcmpyd.c.obj</name>
      </input_file>
      <input_file id="fl-69">
         <path>/Applications/ti/ccs1260/ccs/tools/compiler/ti-cgt-msp430_21.6.1.LTS/lib/</path>
         <kind>archive</kind>
         <file>rts430x_lc_ld_eabi.lib</file>
         <name>fs_mpy.asm.obj</name>
      </input_file>
      <input_file id="fl-6a">
         <path>/Applications/ti/ccs1260/ccs/tools/compiler/ti-cgt-msp430_21.6.1.LTS/lib/</path>
         <kind>archive</kind>
         <file>rts430x_lc_ld_eabi.lib</file>
         <name>mult16.asm.obj</name>
      </input_file>
      <input_file id="fl-6b">
         <path>/Applications/ti/ccs1260/ccs/tools/compiler/ti-cgt-msp430_21.6.1.LTS/lib/</path>
         <kind>archive</kind>
         <file>rts430x_lc_ld_eabi.lib</file>
         <name>mult16_f5hw.asm.obj</name>
      </input_file>
      <input_file id="fl-6c">
         <path>/Applications/ti/ccs1260/ccs/tools/compiler/ti-cgt-msp430_21.6.1.LTS/lib/</path>
         <kind>archive</kind>
         <file>rts430x_lc_ld_eabi.lib</file>
         <name>mult32.asm.obj</name>
      </input_file>
      <input_file id="fl-6d">
         <path>/Applications/ti/ccs1260/ccs/tools/compiler/ti-cgt-msp430_21.6.1.LTS/lib/</path>
         <kind>archive</kind>
         <file>rts430x_lc_ld_eabi.lib</file>
         <name>mult32_f5hw.asm.obj</name>
      </input_file>
      <input_file id="fl-6e">
         <path>/Applications/ti/ccs1260/ccs/tools/compiler/ti-cgt-msp430_21.6.1.LTS/lib/</path>
         <kind>archive</kind>
         <file>rts430x_lc_ld_eabi.lib</file>
         <name>mult64.asm.obj</name>
      </input_file>
      <input_file id="fl-6f">
         <path>/Applications/ti/ccs1260/ccs/tools/compiler/ti-cgt-msp430_21.6.1.LTS/lib/</path>
         <kind>archive</kind>
         <file>rts430x_lc_ld_eabi.lib</file>
         <name>mult64_f5hw.asm.obj</name>
      </input_file>
      <input_file id="fl-70">
         <path>/Applications/ti/ccs1260/ccs/tools/compiler/ti-cgt-msp430_21.6.1.LTS/lib/</path>
         <kind>archive</kind>
         <file>rts430x_lc_ld_eabi.lib</file>
         <name>mult1632_f5hw.asm.obj</name>
      </input_file>
      <input_file id="fl-71">
         <path>/Applications/ti/ccs1260/ccs/tools/compiler/ti-cgt-msp430_21.6.1.LTS/lib/</path>
         <kind>archive</kind>
         <file>rts430x_lc_ld_eabi.lib</file>
         <name>mult3264_f5hw.asm.obj</name>
      </input_file>
      <input_file id="fl-72">
         <path>/Applications/ti/ccs1260/ccs/tools/compiler/ti-cgt-msp430_21.6.1.LTS/lib/</path>
         <kind>archive</kind>
         <file>rts430x_lc_ld_eabi.lib</file>
         <name>mult1632.asm.obj</name>
      </input_file>
      <input_file id="fl-73">
         <path>/Applications/ti/ccs1260/ccs/tools/compiler/ti-cgt-msp430_21.6.1.LTS/lib/</path>
         <kind>archive</kind>
         <file>rts430x_lc_ld_eabi.lib</file>
         <name>mult3264.asm.obj</name>
      </input_file>
      <input_file id="fl-74">
         <path>/Applications/ti/ccs1260/ccs/tools/compiler/ti-cgt-msp430_21.6.1.LTS/lib/</path>
         <kind>archive</kind>
         <file>rts430x_lc_ld_eabi.lib</file>
         <name>lsl16.asm.obj</name>
      </input_file>
      <input_file id="fl-75">
         <path>/Applications/ti/ccs1260/ccs/tools/compiler/ti-cgt-msp430_21.6.1.LTS/lib/</path>
         <kind>archive</kind>
         <file>rts430x_lc_ld_eabi.lib</file>
         <name>lsl32.asm.obj</name>
      </input_file>
      <input_file id="fl-76">
         <path>/Applications/ti/ccs1260/ccs/tools/compiler/ti-cgt-msp430_21.6.1.LTS/lib/</path>
         <kind>archive</kind>
         <file>rts430x_lc_ld_eabi.lib</file>
         <name>lsl64.c.obj</name>
      </input_file>
      <input_file id="fl-77">
         <path>/Applications/ti/ccs1260/ccs/tools/compiler/ti-cgt-msp430_21.6.1.LTS/lib/</path>
         <kind>archive</kind>
         <file>rts430x_lc_ld_eabi.lib</file>
         <name>asr32.asm.obj</name>
      </input_file>
      <input_file id="fl-78">
         <path>/Applications/ti/ccs1260/ccs/tools/compiler/ti-cgt-msp430_21.6.1.LTS/lib/</path>
         <kind>archive</kind>
         <file>rts430x_lc_ld_eabi.lib</file>
         <name>lsr16.asm.obj</name>
      </input_file>
      <input_file id="fl-79">
         <path>/Applications/ti/ccs1260/ccs/tools/compiler/ti-cgt-msp430_21.6.1.LTS/lib/</path>
         <kind>archive</kind>
         <file>rts430x_lc_ld_eabi.lib</file>
         <name>lsr32.asm.obj</name>
      </input_file>
      <input_file id="fl-7a">
         <path>/Applications/ti/ccs1260/ccs/tools/compiler/ti-cgt-msp430_21.6.1.LTS/lib/</path>
         <kind>archive</kind>
         <file>rts430x_lc_ld_eabi.lib</file>
         <name>lsr64.c.obj</name>
      </input_file>
      <input_file id="fl-7b">
         <path>/Applications/ti/ccs1260/ccs/tools/compiler/ti-cgt-msp430_21.6.1.LTS/lib/</path>
         <kind>archive</kind>
         <file>rts430x_lc_ld_eabi.lib</file>
         <name>boot.c.obj</name>
      </input_file>
      <input_file id="fl-7c">
         <path>/Applications/ti/ccs1260/ccs/ccs_base/msp430/lib/FR2xx/</path>
         <kind>archive</kind>
         <file>FRWP_INIT_LIB_CCS_msp430_large_code_large_data.lib</file>
         <name>frwp_init.obj</name>
      </input_file>
      <input_file id="fl-7d">
         <path>/Applications/ti/ccs1260/ccs/tools/compiler/ti-cgt-msp430_21.6.1.LTS/lib/</path>
         <kind>archive</kind>
         <file>rts430x_lc_ld_eabi.lib</file>
         <name>args_main.c.obj</name>
      </input_file>
      <input_file id="fl-7e">
         <path>/Applications/ti/ccs1260/ccs/tools/compiler/ti-cgt-msp430_21.6.1.LTS/lib/</path>
         <kind>archive</kind>
         <file>rts430x_lc_ld_eabi.lib</file>
         <name>autoinit.c.obj</name>
      </input_file>
      <input_file id="fl-7f">
         <path>/Applications/ti/ccs1260/ccs/tools/compiler/ti-cgt-msp430_21.6.1.LTS/lib/</path>
         <kind>archive</kind>
         <file>rts430x_lc_ld_eabi.lib</file>
         <name>startup.c.obj</name>
      </input_file>
      <input_file id="fl-80">
         <path>/Applications/ti/ccs1260/ccs/tools/compiler/ti-cgt-msp430_21.6.1.LTS/lib/</path>
         <kind>archive</kind>
         <file>rts430x_lc_ld_eabi.lib</file>
         <name>pre_init.c.obj</name>
      </input_file>
      <input_file id="fl-81">
         <path>/Applications/ti/ccs1260/ccs/tools/compiler/ti-cgt-msp430_21.6.1.LTS/lib/</path>
         <kind>archive</kind>
         <file>rts430x_lc_ld_eabi.lib</file>
         <name>cpy_tbl.c.obj</name>
      </input_file>
      <input_file id="fl-82">
         <path>/Applications/ti/ccs1260/ccs/tools/compiler/ti-cgt-msp430_21.6.1.LTS/lib/</path>
         <kind>archive</kind>
         <file>rts430x_lc_ld_eabi.lib</file>
         <name>exit.c.obj</name>
      </input_file>
      <input_file id="fl-83">
         <path>/Applications/ti/ccs1260/ccs/tools/compiler/ti-cgt-msp430_21.6.1.LTS/lib/</path>
         <kind>archive</kind>
         <file>rts430x_lc_ld_eabi.lib</file>
         <name>exit_gvars.c.obj</name>
      </input_file>
      <input_file id="fl-84">
         <path>/Applications/ti/ccs1260/ccs/tools/compiler/ti-cgt-msp430_21.6.1.LTS/lib/</path>
         <kind>archive</kind>
         <file>rts430x_lc_ld_eabi.lib</file>
         <name>_lock.c.obj</name>
      </input_file>
      <input_file id="fl-85">
         <path>/Applications/ti/ccs1260/ccs/tools/compiler/ti-cgt-msp430_21.6.1.LTS/lib/</path>
         <kind>archive</kind>
         <file>rts430x_lc_ld_eabi.lib</file>
         <name>memcpy.c.obj</name>
      </input_file>
      <input_file id="fl-86">
         <path>/Applications/ti/ccs1260/ccs/ccs_base/msp430/lib/5xx_6xx_FRxx/</path>
         <kind>archive</kind>
         <file>MSPMATHLIB_CCS_msp430_5xx_6xx_FRxx_large_code_large_data.lib</file>
         <name>msp430_cos_sin.o</name>
      </input_file>
      <input_file id="fl-87">
         <path>/Applications/ti/ccs1260/ccs/ccs_base/msp430/lib/5xx_6xx_FRxx/</path>
         <kind>archive</kind>
         <file>MSPMATHLIB_CCS_msp430_5xx_6xx_FRxx_large_code_large_data.lib</file>
         <name>msp430_tables.o</name>
      </input_file>
      <input_file id="fl-88">
         <path>/Applications/ti/ccs1260/ccs/tools/compiler/ti-cgt-msp430_21.6.1.LTS/lib/</path>
         <kind>archive</kind>
         <file>rts430x_lc_ld_eabi.lib</file>
         <name>sprintf.c.obj</name>
      </input_file>
      <input_file id="fl-89">
         <path>/Applications/ti/ccs1260/ccs/tools/compiler/ti-cgt-msp430_21.6.1.LTS/lib/</path>
         <kind>archive</kind>
         <file>rts430x_lc_ld_eabi.lib</file>
         <name>_printfi.c.obj</name>
      </input_file>
      <input_file id="fl-8a">
         <path>/Applications/ti/ccs1260/ccs/tools/compiler/ti-cgt-msp430_21.6.1.LTS/lib/</path>
         <kind>archive</kind>
         <file>rts430x_lc_ld_eabi.lib</file>
         <name>_ltoa.c.obj</name>
      </input_file>
      <input_file id="fl-8b">
         <path>/Applications/ti/ccs1260/ccs/tools/compiler/ti-cgt-msp430_21.6.1.LTS/lib/</path>
         <kind>archive</kind>
         <file>rts430x_lc_ld_eabi.lib</file>
         <name>cmpd.c.obj</name>
      </input_file>
      <input_file id="fl-8c">
         <path>/Applications/ti/ccs1260/ccs/tools/compiler/ti-cgt-msp430_21.6.1.LTS/lib/</path>
         <kind>archive</kind>
         <file>rts430x_lc_ld_eabi.lib</file>
         <name>div64u.c.obj</name>
      </input_file>
      <input_file id="fl-8d">
         <path>/Applications/ti/ccs1260/ccs/tools/compiler/ti-cgt-msp430_21.6.1.LTS/lib/</path>
         <kind>archive</kind>
         <file>rts430x_lc_ld_eabi.lib</file>
         <name>fixdi.c.obj</name>
      </input_file>
      <input_file id="fl-8e">
         <path>/Applications/ti/ccs1260/ccs/tools/compiler/ti-cgt-msp430_21.6.1.LTS/lib/</path>
         <kind>archive</kind>
         <file>rts430x_lc_ld_eabi.lib</file>
         <name>fixdli.c.obj</name>
      </input_file>
      <input_file id="fl-8f">
         <path>/Applications/ti/ccs1260/ccs/tools/compiler/ti-cgt-msp430_21.6.1.LTS/lib/</path>
         <kind>archive</kind>
         <file>rts430x_lc_ld_eabi.lib</file>
         <name>negd.c.obj</name>
      </input_file>
      <input_file id="fl-90">
         <path>/Applications/ti/ccs1260/ccs/tools/compiler/ti-cgt-msp430_21.6.1.LTS/lib/</path>
         <kind>archive</kind>
         <file>rts430x_lc_ld_eabi.lib</file>
         <name>subd.c.obj</name>
      </input_file>
      <input_file id="fl-91">
         <path>/Applications/ti/ccs1260/ccs/tools/compiler/ti-cgt-msp430_21.6.1.LTS/lib/</path>
         <kind>archive</kind>
         <file>rts430x_lc_ld_eabi.lib</file>
         <name>addd.c.obj</name>
      </input_file>
      <input_file id="fl-92">
         <path>/Applications/ti/ccs1260/ccs/tools/compiler/ti-cgt-msp430_21.6.1.LTS/lib/</path>
         <kind>archive</kind>
         <file>rts430x_lc_ld_eabi.lib</file>
         <name>asr64.c.obj</name>
      </input_file>
      <input_file id="fl-93">
         <path>/Applications/ti/ccs1260/ccs/tools/compiler/ti-cgt-msp430_21.6.1.LTS/lib/</path>
         <kind>archive</kind>
         <file>rts430x_lc_ld_eabi.lib</file>
         <name>abs.c.obj</name>
      </input_file>
      <input_file id="fl-94">
         <path>/Applications/ti/ccs1260/ccs/tools/compiler/ti-cgt-msp430_21.6.1.LTS/lib/</path>
         <kind>archive</kind>
         <file>rts430x_lc_ld_eabi.lib</file>
         <name>atoi.c.obj</name>
      </input_file>
      <input_file id="fl-95">
         <path>/Applications/ti/ccs1260/ccs/tools/compiler/ti-cgt-msp430_21.6.1.LTS/lib/</path>
         <kind>archive</kind>
         <file>rts430x_lc_ld_eabi.lib</file>
         <name>ctype.c.obj</name>
      </input_file>
      <input_file id="fl-96">
         <path>/Applications/ti/ccs1260/ccs/tools/compiler/ti-cgt-msp430_21.6.1.LTS/lib/</path>
         <kind>archive</kind>
         <file>rts430x_lc_ld_eabi.lib</file>
         <name>errno.c.obj</name>
      </input_file>
      <input_file id="fl-97">
         <path>/Applications/ti/ccs1260/ccs/tools/compiler/ti-cgt-msp430_21.6.1.LTS/lib/</path>
         <kind>archive</kind>
         <file>rts430x_lc_ld_eabi.lib</file>
         <name>s_frexp.c.obj</name>
      </input_file>
      <input_file id="fl-98">
         <path>/Applications/ti/ccs1260/ccs/tools/compiler/ti-cgt-msp430_21.6.1.LTS/lib/</path>
         <kind>archive</kind>
         <file>rts430x_lc_ld_eabi.lib</file>
         <name>s_scalbn.c.obj</name>
      </input_file>
      <input_file id="fl-99">
         <path>/Applications/ti/ccs1260/ccs/tools/compiler/ti-cgt-msp430_21.6.1.LTS/lib/</path>
         <kind>archive</kind>
         <file>rts430x_lc_ld_eabi.lib</file>
         <name>s_copysign.c.obj</name>
      </input_file>
      <input_file id="fl-9a">
         <path>/Applications/ti/ccs1260/ccs/tools/compiler/ti-cgt-msp430_21.6.1.LTS/lib/</path>
         <kind>archive</kind>
         <file>rts430x_lc_ld_eabi.lib</file>
         <name>memccpy.c.obj</name>
      </input_file>
      <input_file id="fl-9b">
         <path>/Applications/ti/ccs1260/ccs/tools/compiler/ti-cgt-msp430_21.6.1.LTS/lib/</path>
         <kind>archive</kind>
         <file>rts430x_lc_ld_eabi.lib</file>
         <name>memset.c.obj</name>
      </input_file>
      <input_file id="fl-9c">
         <path>/Applications/ti/ccs1260/ccs/tools/compiler/ti-cgt-msp430_21.6.1.LTS/lib/</path>
         <kind>archive</kind>
         <file>rts430x_lc_ld_eabi.lib</file>
         <name>strchr.c.obj</name>
      </input_file>
      <input_file id="fl-9d">
         <path>/Applications/ti/ccs1260/ccs/tools/compiler/ti-cgt-msp430_21.6.1.LTS/lib/</path>
         <kind>archive</kind>
         <file>rts430x_lc_ld_eabi.lib</file>
         <name>strlen.c.obj</name>
      </input_file>
      <input_file id="fl-9e">
         <path>/Applications/ti/ccs1260/ccs/tools/compiler/ti-cgt-msp430_21.6.1.LTS/lib/</path>
         <kind>archive</kind>
         <file>rts430x_lc_ld_eabi.lib</file>
         <name>strncmp.c.obj</name>
      </input_file>
      <input_file id="fl-9f">
         <path>/Applications/ti/ccs1260/ccs/tools/compiler/ti-cgt-msp430_21.6.1.LTS/lib/</path>
         <kind>archive</kind>
         <file>rts430x_lc_ld_eabi.lib</file>
         <name>strtol.c.obj</name>
      </input_file>
      <input_file id="fl-a0">
         <path>/Applications/ti/ccs1260/ccs/tools/compiler/ti-cgt-msp430_21.6.1.LTS/lib/</path>
         <kind>archive</kind>
         <file>rts430x_lc_ld_eabi.lib</file>
         <name>toupper.c.obj</name>
      </input_file>
      <input_file id="fl-a1">
         <path>/Applications/ti/ccs1260/ccs/tools/compiler/ti-cgt-msp430_21.6.1.LTS/lib/</path>
         <kind>archive</kind>
         <file>rts430x_lc_ld_eabi.lib</file>
         <name>wcslen.c.obj</name>
      </input_file>
   </input_file_list>
   <object_component_list>
      <object_component id="oc-4e1">
         <name>.TI.persistent:signal</name>
         <load_address>0x8000</load_address>
         <run_address>0x8000</run_address>
         <size>0x4000</size>
         <input_file_ref idref="fl-2"/>
      </object_component>
      <object_component id="oc-4ea">
         <name>.TI.persistent</name>
         <load_address>0xc000</load_address>
         <run_address>0xc000</run_address>
         <size>0x14</size>
         <input_file_ref idref="fl-2"/>
      </object_component>
      <object_component id="oc-4ae">
         <name>.TI.persistent</name>
         <load_address>0xc014</load_address>
         <run_address>0xc014</run_address>
         <size>0x2</size>
         <input_file_ref idref="fl-3"/>
      </object_component>
      <object_component id="oc-4c8">
         <name>.TI.persistent</name>
         <load_address>0xc016</load_address>
         <run_address>0xc016</run_address>
         <size>0x1</size>
         <input_file_ref idref="fl-4"/>
      </object_component>
      <object_component id="oc-9ca">
         <name>.cinit..data.load</name>
         <load_address>0xc400</load_address>
         <run_address>0xc400</run_address>
         <size>0x14</size>
      </object_component>
      <object_component id="oc-9c7">
         <name>__TI_handler_table</name>
         <load_address>0xc414</load_address>
         <run_address>0xc414</run_address>
         <size>0xc</size>
      </object_component>
      <object_component id="oc-9c9">
         <name>.cinit..bss.load</name>
         <load_address>0xc420</load_address>
         <run_address>0xc420</run_address>
         <size>0x6</size>
      </object_component>
      <object_component id="oc-9c8">
         <name>__TI_cinit_table</name>
         <load_address>0xc426</load_address>
         <run_address>0xc426</run_address>
         <size>0x10</size>
      </object_component>
      <object_component id="oc-967">
         <name>.binit</name>
         <load_address>0xc436</load_address>
         <run_address>0xc436</run_address>
         <size>0x0</size>
      </object_component>
      <object_component id="oc-63a">
         <name>.const:.string:_ctypes_</name>
         <load_address>0xc436</load_address>
         <run_address>0xc436</run_address>
         <size>0x101</size>
         <input_file_ref idref="fl-95"/>
      </object_component>
      <object_component id="oc-591">
         <name>.const:.string</name>
         <load_address>0xc538</load_address>
         <run_address>0xc538</run_address>
         <size>0xb0</size>
         <input_file_ref idref="fl-2"/>
      </object_component>
      <object_component id="oc-50f">
         <name>.const:.string</name>
         <load_address>0xc5e8</load_address>
         <run_address>0xc5e8</run_address>
         <size>0x5e</size>
         <input_file_ref idref="fl-4"/>
      </object_component>
      <object_component id="oc-934">
         <name>.const:.string</name>
         <load_address>0xc646</load_address>
         <run_address>0xc646</run_address>
         <size>0x26</size>
         <input_file_ref idref="fl-89"/>
      </object_component>
      <object_component id="oc-566">
         <name>.const:GPIO_PORT_TO_BASE</name>
         <load_address>0xc66c</load_address>
         <run_address>0xc66c</run_address>
         <size>0x1c</size>
         <input_file_ref idref="fl-e"/>
      </object_component>
      <object_component id="oc-8f4">
         <name>.const:msp430_cos_coeffs</name>
         <load_address>0xc688</load_address>
         <run_address>0xc688</run_address>
         <size>0x14</size>
         <input_file_ref idref="fl-87"/>
      </object_component>
      <object_component id="oc-7a9">
         <name>.const:$P$T0$1</name>
         <load_address>0xc69c</load_address>
         <run_address>0xc69c</run_address>
         <size>0x10</size>
         <input_file_ref idref="fl-4"/>
      </object_component>
      <object_component id="oc-8f5">
         <name>.const:msp430_sin_coeffs</name>
         <load_address>0xc6ac</load_address>
         <run_address>0xc6ac</run_address>
         <size>0x10</size>
         <input_file_ref idref="fl-87"/>
      </object_component>
      <object_component id="oc-88d">
         <name>.const:$P$T0$1</name>
         <load_address>0xc6bc</load_address>
         <run_address>0xc6bc</run_address>
         <size>0xe</size>
         <input_file_ref idref="fl-3"/>
      </object_component>
      <object_component id="oc-717">
         <name>.const:$P$T0$1</name>
         <load_address>0xc6ca</load_address>
         <run_address>0xc6ca</run_address>
         <size>0xc</size>
         <input_file_ref idref="fl-2"/>
      </object_component>
      <object_component id="oc-757">
         <name>.const:$P$T1$2</name>
         <load_address>0xc6d6</load_address>
         <run_address>0xc6d6</run_address>
         <size>0xc</size>
         <input_file_ref idref="fl-2"/>
      </object_component>
      <object_component id="oc-5dc">
         <name>.const:$P$T1$2</name>
         <load_address>0xc6e2</load_address>
         <run_address>0xc6e2</run_address>
         <size>0xc</size>
         <input_file_ref idref="fl-3"/>
      </object_component>
      <object_component id="oc-842">
         <name>.text:__TI_frcdivd</name>
         <load_address>0xc6ee</load_address>
         <run_address>0xc6ee</run_address>
         <size>0x468</size>
         <input_file_ref idref="fl-5c"/>
      </object_component>
      <object_component id="oc-851">
         <name>.text:msp430_cos_sin</name>
         <load_address>0xcb56</load_address>
         <run_address>0xcb56</run_address>
         <size>0x416</size>
         <input_file_ref idref="fl-86"/>
      </object_component>
      <object_component id="oc-6fd">
         <name>.text:__mspabi_mpyd</name>
         <load_address>0xcf6c</load_address>
         <run_address>0xcf6c</run_address>
         <size>0x292</size>
         <input_file_ref idref="fl-67"/>
      </object_component>
      <object_component id="oc-509">
         <name>.text:jsmn_parse</name>
         <load_address>0xd1fe</load_address>
         <run_address>0xd1fe</run_address>
         <size>0x280</size>
         <input_file_ref idref="fl-1c"/>
      </object_component>
      <object_component id="oc-516">
         <name>.text:strtol</name>
         <load_address>0xd47e</load_address>
         <run_address>0xd47e</run_address>
         <size>0x248</size>
         <input_file_ref idref="fl-9f"/>
      </object_component>
      <object_component id="oc-703">
         <name>.text:__mspabi_divd</name>
         <load_address>0xd6c6</load_address>
         <run_address>0xd6c6</run_address>
         <size>0x21c</size>
         <input_file_ref idref="fl-5b"/>
      </object_component>
      <object_component id="oc-598">
         <name>.text:init_DAC_Signal</name>
         <load_address>0xd8e2</load_address>
         <run_address>0xd8e2</run_address>
         <size>0x1ba</size>
         <input_file_ref idref="fl-2"/>
      </object_component>
      <object_component id="oc-8fa">
         <name>.text:__TI_printfi_minimal:_setfield___TI_printfi_minimal</name>
         <load_address>0xda9c</load_address>
         <run_address>0xda9c</run_address>
         <size>0x172</size>
         <input_file_ref idref="fl-89"/>
      </object_component>
      <object_component id="oc-835">
         <name>.text:__TI_frcmpyd</name>
         <load_address>0xdc0e</load_address>
         <run_address>0xdc0e</run_address>
         <size>0x164</size>
         <input_file_ref idref="fl-68"/>
      </object_component>
      <object_component id="oc-627">
         <name>.text:jsmn_parse_string</name>
         <load_address>0xdd72</load_address>
         <run_address>0xdd72</run_address>
         <size>0x15e</size>
         <input_file_ref idref="fl-1c"/>
      </object_component>
      <object_component id="oc-669">
         <name>.text:functiongenerator</name>
         <load_address>0xded0</load_address>
         <run_address>0xded0</run_address>
         <size>0x136</size>
         <input_file_ref idref="fl-2"/>
      </object_component>
      <object_component id="oc-6de">
         <name>.text</name>
         <load_address>0xe006</load_address>
         <run_address>0xe006</run_address>
         <size>0x132</size>
         <input_file_ref idref="fl-59"/>
      </object_component>
      <object_component id="oc-884">
         <name>.text:__TI_printfi_minimal:__TI_printfi_minimal</name>
         <load_address>0xe138</load_address>
         <run_address>0xe138</run_address>
         <size>0xe4</size>
         <input_file_ref idref="fl-89"/>
      </object_component>
      <object_component id="oc-935">
         <name>.text:__TI_printfi_minimal:_pproc_diouxp___TI_printfi_minimal</name>
         <load_address>0xe21c</load_address>
         <run_address>0xe21c</run_address>
         <size>0xda</size>
         <input_file_ref idref="fl-89"/>
      </object_component>
      <object_component id="oc-5a4">
         <name>.text:init_PGA</name>
         <load_address>0xe2f6</load_address>
         <run_address>0xe2f6</run_address>
         <size>0xcc</size>
         <input_file_ref idref="fl-2"/>
      </object_component>
      <object_component id="oc-5aa">
         <name>.text:init_ADC</name>
         <load_address>0xe3c2</load_address>
         <run_address>0xe3c2</run_address>
         <size>0xc2</size>
         <input_file_ref idref="fl-2"/>
      </object_component>
      <object_component id="oc-61b">
         <name>.text:jsmn_parse_primitive</name>
         <load_address>0xe484</load_address>
         <run_address>0xe484</run_address>
         <size>0xba</size>
         <input_file_ref idref="fl-1c"/>
      </object_component>
      <object_component id="oc-59e">
         <name>.text:init_DAC</name>
         <load_address>0xe53e</load_address>
         <run_address>0xe53e</run_address>
         <size>0xb8</size>
         <input_file_ref idref="fl-2"/>
      </object_component>
      <object_component id="oc-6ed">
         <name>.text</name>
         <load_address>0xe5f6</load_address>
         <run_address>0xe5f6</run_address>
         <size>0xb8</size>
         <input_file_ref idref="fl-69"/>
      </object_component>
      <object_component id="oc-709">
         <name>.text:__mspabi_cvtdf</name>
         <load_address>0xe6ae</load_address>
         <run_address>0xe6ae</run_address>
         <size>0xb2</size>
         <input_file_ref idref="fl-5a"/>
      </object_component>
      <object_component id="oc-4d7">
         <name>.text:lightsensor_init_ADC</name>
         <load_address>0xe760</load_address>
         <run_address>0xe760</run_address>
         <size>0xa2</size>
         <input_file_ref idref="fl-3"/>
      </object_component>
      <object_component id="oc-82e">
         <name>.text:__mspabi_fltlid</name>
         <load_address>0xe802</load_address>
         <run_address>0xe802</run_address>
         <size>0x9e</size>
         <input_file_ref idref="fl-65"/>
      </object_component>
      <object_component id="oc-7ac">
         <name>.text:EUSCI_A_UART_init</name>
         <load_address>0xe8a0</load_address>
         <run_address>0xe8a0</run_address>
         <size>0x9a</size>
         <input_file_ref idref="fl-a"/>
      </object_component>
      <object_component id="oc-6e3">
         <name>.text</name>
         <load_address>0xe93a</load_address>
         <run_address>0xe93a</run_address>
         <size>0x90</size>
         <input_file_ref idref="fl-5d"/>
      </object_component>
      <object_component id="oc-657">
         <name>.text:init_GPIO</name>
         <load_address>0xe9ca</load_address>
         <run_address>0xe9ca</run_address>
         <size>0x88</size>
         <input_file_ref idref="fl-4"/>
      </object_component>
      <object_component id="oc-66f">
         <name>.text:lightsensor</name>
         <load_address>0xea52</load_address>
         <run_address>0xea52</run_address>
         <size>0x86</size>
         <input_file_ref idref="fl-3"/>
      </object_component>
      <object_component id="oc-663">
         <name>.text:init_EUSCI</name>
         <load_address>0xead8</load_address>
         <run_address>0xead8</run_address>
         <size>0x82</size>
         <input_file_ref idref="fl-4"/>
      </object_component>
      <object_component id="oc-890">
         <name>.text:Timer_B_initUpMode</name>
         <load_address>0xeb5a</load_address>
         <run_address>0xeb5a</run_address>
         <size>0x7c</size>
         <input_file_ref idref="fl-19"/>
      </object_component>
      <object_component id="oc-69a">
         <name>.text:__TI_auto_init_nobinit_nopinit_hold_wdt:__TI_auto_init_nobinit_nopinit_hold_wdt</name>
         <load_address>0xebd6</load_address>
         <run_address>0xebd6</run_address>
         <size>0x78</size>
         <input_file_ref idref="fl-7e"/>
      </object_component>
      <object_component id="oc-66">
         <name>.text:decompress:lzss:__TI_decompress_lzss</name>
         <load_address>0xec4e</load_address>
         <run_address>0xec4e</run_address>
         <size>0x76</size>
         <input_file_ref idref="fl-43"/>
      </object_component>
      <object_component id="oc-7a3">
         <name>.text:GPIO_setAsPeripheralModuleFunctionInputPin</name>
         <load_address>0xecc4</load_address>
         <run_address>0xecc4</run_address>
         <size>0x72</size>
         <input_file_ref idref="fl-e"/>
      </object_component>
      <object_component id="oc-711">
         <name>.text:GPIO_setAsPeripheralModuleFunctionOutputPin</name>
         <load_address>0xed36</load_address>
         <run_address>0xed36</run_address>
         <size>0x72</size>
         <input_file_ref idref="fl-e"/>
      </object_component>
      <object_component id="oc-5df">
         <name>.text:Timer_B_outputPWM</name>
         <load_address>0xeda8</load_address>
         <run_address>0xeda8</run_address>
         <size>0x72</size>
         <input_file_ref idref="fl-19"/>
      </object_component>
      <object_component id="oc-6f2">
         <name>.text</name>
         <load_address>0xee1a</load_address>
         <run_address>0xee1a</run_address>
         <size>0x68</size>
         <input_file_ref idref="fl-62"/>
      </object_component>
      <object_component id="oc-65d">
         <name>.text:init_CS</name>
         <load_address>0xee82</load_address>
         <run_address>0xee82</run_address>
         <size>0x5e</size>
         <input_file_ref idref="fl-4"/>
      </object_component>
      <object_component id="oc-8da">
         <name>.text:__mpyll</name>
         <load_address>0xeee0</load_address>
         <run_address>0xeee0</run_address>
         <size>0x5c</size>
         <input_file_ref idref="fl-6f"/>
      </object_component>
      <object_component id="oc-7df">
         <name>.text:lightsensor_init_SACOA</name>
         <load_address>0xef3c</load_address>
         <run_address>0xef3c</run_address>
         <size>0x58</size>
         <input_file_ref idref="fl-3"/>
      </object_component>
      <object_component id="oc-63d">
         <name>.text</name>
         <load_address>0xef94</load_address>
         <run_address>0xef94</run_address>
         <size>0x58</size>
         <input_file_ref idref="fl-61"/>
      </object_component>
      <object_component id="oc-4ef">
         <name>.text:receiveString</name>
         <load_address>0xefec</load_address>
         <run_address>0xefec</run_address>
         <size>0x52</size>
         <input_file_ref idref="fl-4"/>
      </object_component>
      <object_component id="oc-510">
         <name>.text:jsoneq</name>
         <load_address>0xf03e</load_address>
         <run_address>0xf03e</run_address>
         <size>0x50</size>
         <input_file_ref idref="fl-4"/>
      </object_component>
      <object_component id="oc-5b2">
         <name>.text:ADC_init</name>
         <load_address>0xf08e</load_address>
         <run_address>0xf08e</run_address>
         <size>0x4a</size>
         <input_file_ref idref="fl-5"/>
      </object_component>
      <object_component id="oc-789">
         <name>.text:GPIO_setAsInputPinWithPullUpResistor</name>
         <load_address>0xf0d8</load_address>
         <run_address>0xf0d8</run_address>
         <size>0x4a</size>
         <input_file_ref idref="fl-e"/>
      </object_component>
      <object_component id="oc-4bc">
         <name>.text:functiongenerator_disable</name>
         <load_address>0xf122</load_address>
         <run_address>0xf122</run_address>
         <size>0x4a</size>
         <input_file_ref idref="fl-2"/>
      </object_component>
      <object_component id="oc-900">
         <name>.text:__TI_printfi_minimal:_pproc_str___TI_printfi_minimal</name>
         <load_address>0xf16c</load_address>
         <run_address>0xf16c</run_address>
         <size>0x48</size>
         <input_file_ref idref="fl-89"/>
      </object_component>
      <object_component id="oc-592">
         <name>.text:transmitString</name>
         <load_address>0xf1b4</load_address>
         <run_address>0xf1b4</run_address>
         <size>0x46</size>
         <input_file_ref idref="fl-4"/>
      </object_component>
      <object_component id="oc-7cc">
         <name>.text:sprintf</name>
         <load_address>0xf1fa</load_address>
         <run_address>0xf1fa</run_address>
         <size>0x44</size>
         <input_file_ref idref="fl-88"/>
      </object_component>
      <object_component id="oc-7d9">
         <name>.text:lightsensor_init_LED_PWM</name>
         <load_address>0xf23e</load_address>
         <run_address>0xf23e</run_address>
         <size>0x40</size>
         <input_file_ref idref="fl-3"/>
      </object_component>
      <object_component id="oc-71a">
         <name>.text</name>
         <load_address>0xf27e</load_address>
         <run_address>0xf27e</run_address>
         <size>0x40</size>
         <input_file_ref idref="fl-5f"/>
      </object_component>
      <object_component id="oc-7fd">
         <name>.text:l_asr_const</name>
         <load_address>0xf2be</load_address>
         <run_address>0xf2be</run_address>
         <size>0x3e</size>
         <input_file_ref idref="fl-77"/>
      </object_component>
      <object_component id="oc-84a">
         <name>.text:l_lsl_const</name>
         <load_address>0xf2fc</load_address>
         <run_address>0xf2fc</run_address>
         <size>0x3e</size>
         <input_file_ref idref="fl-75"/>
      </object_component>
      <object_component id="oc-8cd">
         <name>.text:l_lsr_const</name>
         <load_address>0xf33a</load_address>
         <run_address>0xf33a</run_address>
         <size>0x3e</size>
         <input_file_ref idref="fl-79"/>
      </object_component>
      <object_component id="oc-54f">
         <name>.text:__mpu_init</name>
         <load_address>0xf378</load_address>
         <run_address>0xf378</run_address>
         <size>0x3c</size>
         <input_file_ref idref="fl-7c"/>
      </object_component>
      <object_component id="oc-42b">
         <name>.text:memcpy</name>
         <load_address>0xf3b4</load_address>
         <run_address>0xf3b4</run_address>
         <size>0x3c</size>
         <input_file_ref idref="fl-85"/>
      </object_component>
      <object_component id="oc-8d4">
         <name>.text:__mspabi_sllll</name>
         <load_address>0xf3f0</load_address>
         <run_address>0xf3f0</run_address>
         <size>0x3a</size>
         <input_file_ref idref="fl-76"/>
      </object_component>
      <object_component id="oc-8e4">
         <name>.text:__mspabi_srlll</name>
         <load_address>0xf42a</load_address>
         <run_address>0xf42a</run_address>
         <size>0x3a</size>
         <input_file_ref idref="fl-7a"/>
      </object_component>
      <object_component id="oc-621">
         <name>.text:jsmn_alloc_token</name>
         <load_address>0xf464</load_address>
         <run_address>0xf464</run_address>
         <size>0x3a</size>
         <input_file_ref idref="fl-1c"/>
      </object_component>
      <object_component id="oc-7d3">
         <name>.text:lightsensor_init_GPIO</name>
         <load_address>0xf49e</load_address>
         <run_address>0xf49e</run_address>
         <size>0x3a</size>
         <input_file_ref idref="fl-3"/>
      </object_component>
      <object_component id="oc-633">
         <name>.text:strncmp</name>
         <load_address>0xf4d8</load_address>
         <run_address>0xf4d8</run_address>
         <size>0x38</size>
         <input_file_ref idref="fl-9e"/>
      </object_component>
      <object_component id="oc-53d">
         <name>.text:main</name>
         <load_address>0xf510</load_address>
         <run_address>0xf510</run_address>
         <size>0x36</size>
         <input_file_ref idref="fl-4"/>
      </object_component>
      <object_component id="oc-6d9">
         <name>.text</name>
         <load_address>0xf546</load_address>
         <run_address>0xf546</run_address>
         <size>0x36</size>
         <input_file_ref idref="fl-64"/>
      </object_component>
      <object_component id="oc-783">
         <name>.text:GPIO_setAsOutputPin</name>
         <load_address>0xf57c</load_address>
         <run_address>0xf57c</run_address>
         <size>0x34</size>
         <input_file_ref idref="fl-e"/>
      </object_component>
      <object_component id="oc-737">
         <name>.text:SAC_OA_init</name>
         <load_address>0xf5b0</load_address>
         <run_address>0xf5b0</run_address>
         <size>0x34</size>
         <input_file_ref idref="fl-14"/>
      </object_component>
      <object_component id="oc-7c5">
         <name>.text:functiongenerator_init_GPIO</name>
         <load_address>0xf5e4</load_address>
         <run_address>0xf5e4</run_address>
         <size>0x34</size>
         <input_file_ref idref="fl-2"/>
      </object_component>
      <object_component id="oc-93b">
         <name>.text:memccpy</name>
         <load_address>0xf618</load_address>
         <run_address>0xf618</run_address>
         <size>0x34</size>
         <input_file_ref idref="fl-9a"/>
      </object_component>
      <object_component id="oc-78f">
         <name>.text:GPIO_selectInterruptEdge</name>
         <load_address>0xf64c</load_address>
         <run_address>0xf64c</run_address>
         <size>0x2e</size>
         <input_file_ref idref="fl-e"/>
      </object_component>
      <object_component id="oc-8df">
         <name>.text:__mpyull</name>
         <load_address>0xf67a</load_address>
         <run_address>0xf67a</run_address>
         <size>0x2c</size>
         <input_file_ref idref="fl-71"/>
      </object_component>
      <object_component id="oc-6d4">
         <name>.text</name>
         <load_address>0xf6a6</load_address>
         <run_address>0xf6a6</run_address>
         <size>0x2c</size>
         <input_file_ref idref="fl-5e"/>
      </object_component>
      <object_component id="oc-878">
         <name>.text:_outs</name>
         <load_address>0xf6d2</load_address>
         <run_address>0xf6d2</run_address>
         <size>0x28</size>
         <input_file_ref idref="fl-88"/>
      </object_component>
      <object_component id="oc-4cb">
         <name>.text:functiongenerator_enable</name>
         <load_address>0xf6fa</load_address>
         <run_address>0xf6fa</run_address>
         <size>0x28</size>
         <input_file_ref idref="fl-2"/>
      </object_component>
      <object_component id="oc-5e5">
         <name>.text:ADC_startConversion</name>
         <load_address>0xf722</load_address>
         <run_address>0xf722</run_address>
         <size>0x24</size>
         <input_file_ref idref="fl-5"/>
      </object_component>
      <object_component id="oc-467">
         <name>.text:decompress:ZI:__TI_zero_init</name>
         <load_address>0xf746</load_address>
         <run_address>0xf746</run_address>
         <size>0x24</size>
         <input_file_ref idref="fl-58"/>
      </object_component>
      <object_component id="oc-6e8">
         <name>.text</name>
         <load_address>0xf76a</load_address>
         <run_address>0xf76a</run_address>
         <size>0x24</size>
         <input_file_ref idref="fl-66"/>
      </object_component>
      <object_component id="oc-645">
         <name>.text</name>
         <load_address>0xf78e</load_address>
         <run_address>0xf78e</run_address>
         <size>0x24</size>
         <input_file_ref idref="fl-6d"/>
      </object_component>
      <object_component id="oc-7be">
         <name>.text:EUSCI_A_UART_enableInterrupt</name>
         <load_address>0xf7b2</load_address>
         <run_address>0xf7b2</run_address>
         <size>0x22</size>
         <input_file_ref idref="fl-a"/>
      </object_component>
      <object_component id="oc-6cd">
         <name>.text:EUSCI_A_UART_transmitData</name>
         <load_address>0xf7d4</load_address>
         <run_address>0xf7d4</run_address>
         <size>0x22</size>
         <input_file_ref idref="fl-a"/>
      </object_component>
      <object_component id="oc-92e">
         <name>.text:memset</name>
         <load_address>0xf7f6</load_address>
         <run_address>0xf7f6</run_address>
         <size>0x20</size>
         <input_file_ref idref="fl-9b"/>
      </object_component>
      <object_component id="oc-4b6">
         <name>.text:GPIO_clearInterrupt</name>
         <load_address>0xf816</load_address>
         <run_address>0xf816</run_address>
         <size>0x1e</size>
         <input_file_ref idref="fl-e"/>
      </object_component>
      <object_component id="oc-795">
         <name>.text:GPIO_enableInterrupt</name>
         <load_address>0xf834</load_address>
         <run_address>0xf834</run_address>
         <size>0x1e</size>
         <input_file_ref idref="fl-e"/>
      </object_component>
      <object_component id="oc-522">
         <name>.text:GPIO_setOutputHighOnPin</name>
         <load_address>0xf852</load_address>
         <run_address>0xf852</run_address>
         <size>0x1c</size>
         <input_file_ref idref="fl-e"/>
      </object_component>
      <object_component id="oc-528">
         <name>.text:GPIO_setOutputLowOnPin</name>
         <load_address>0xf86e</load_address>
         <run_address>0xf86e</run_address>
         <size>0x1c</size>
         <input_file_ref idref="fl-e"/>
      </object_component>
      <object_component id="oc-5ca">
         <name>.text:ADC_configureMemory</name>
         <load_address>0xf88a</load_address>
         <run_address>0xf88a</run_address>
         <size>0x1a</size>
         <input_file_ref idref="fl-5"/>
      </object_component>
      <object_component id="oc-5be">
         <name>.text:ADC_setupSamplingTimer</name>
         <load_address>0xf8a4</load_address>
         <run_address>0xf8a4</run_address>
         <size>0x1a</size>
         <input_file_ref idref="fl-5"/>
      </object_component>
      <object_component id="oc-5c4">
         <name>.text:ADC_setResolution</name>
         <load_address>0xf8be</load_address>
         <run_address>0xf8be</run_address>
         <size>0x18</size>
         <input_file_ref idref="fl-5"/>
      </object_component>
      <object_component id="oc-750">
         <name>.text:SAC_PGA_setGain</name>
         <load_address>0xf8d6</load_address>
         <run_address>0xf8d6</run_address>
         <size>0x18</size>
         <input_file_ref idref="fl-14"/>
      </object_component>
      <object_component id="oc-73d">
         <name>.text:SAC_PGA_setMode</name>
         <load_address>0xf8ee</load_address>
         <run_address>0xf8ee</run_address>
         <size>0x18</size>
         <input_file_ref idref="fl-14"/>
      </object_component>
      <object_component id="oc-8c1">
         <name>.text</name>
         <load_address>0xf906</load_address>
         <run_address>0xf906</run_address>
         <size>0x18</size>
         <input_file_ref idref="fl-6b"/>
      </object_component>
      <object_component id="oc-725">
         <name>.text:SAC_DAC_selectLoad</name>
         <load_address>0xf91e</load_address>
         <run_address>0xf91e</run_address>
         <size>0x16</size>
         <input_file_ref idref="fl-14"/>
      </object_component>
      <object_component id="oc-71f">
         <name>.text:SAC_DAC_selectRefVoltage</name>
         <load_address>0xf934</load_address>
         <run_address>0xf934</run_address>
         <size>0x16</size>
         <input_file_ref idref="fl-14"/>
      </object_component>
      <object_component id="oc-651">
         <name>.text:WDT_A_hold</name>
         <load_address>0xf94a</load_address>
         <run_address>0xf94a</run_address>
         <size>0x16</size>
         <input_file_ref idref="fl-1b"/>
      </object_component>
      <object_component id="oc-6c">
         <name>.text:decompress:none:__TI_decompress_none</name>
         <load_address>0xf960</load_address>
         <run_address>0xf960</run_address>
         <size>0x16</size>
         <input_file_ref idref="fl-44"/>
      </object_component>
      <object_component id="oc-7e5">
         <name>.text</name>
         <load_address>0xf976</load_address>
         <run_address>0xf976</run_address>
         <size>0x16</size>
         <input_file_ref idref="fl-60"/>
      </object_component>
      <object_component id="oc-87e">
         <name>.text:_outc</name>
         <load_address>0xf98c</load_address>
         <run_address>0xf98c</run_address>
         <size>0x14</size>
         <input_file_ref idref="fl-88"/>
      </object_component>
      <object_component id="oc-76e">
         <name>.text:jsmn_fill_token</name>
         <load_address>0xf9a0</load_address>
         <run_address>0xf9a0</run_address>
         <size>0x12</size>
         <input_file_ref idref="fl-1c"/>
      </object_component>
      <object_component id="oc-502">
         <name>.text:strlen</name>
         <load_address>0xf9b2</load_address>
         <run_address>0xf9b2</run_address>
         <size>0x12</size>
         <input_file_ref idref="fl-9d"/>
      </object_component>
      <object_component id="oc-5d0">
         <name>.text:ADC_clearInterrupt</name>
         <load_address>0xf9c4</load_address>
         <run_address>0xf9c4</run_address>
         <size>0xe</size>
         <input_file_ref idref="fl-5"/>
      </object_component>
      <object_component id="oc-5d6">
         <name>.text:ADC_enableInterrupt</name>
         <load_address>0xf9d2</load_address>
         <run_address>0xf9d2</run_address>
         <size>0xe</size>
         <input_file_ref idref="fl-5"/>
      </object_component>
      <object_component id="oc-7b8">
         <name>.text:EUSCI_A_UART_clearInterrupt</name>
         <load_address>0xf9e0</load_address>
         <run_address>0xf9e0</run_address>
         <size>0xe</size>
         <input_file_ref idref="fl-a"/>
      </object_component>
      <object_component id="oc-4fb">
         <name>.text:jsmn_init</name>
         <load_address>0xf9ee</load_address>
         <run_address>0xf9ee</run_address>
         <size>0xe</size>
         <input_file_ref idref="fl-1c"/>
      </object_component>
      <object_component id="oc-897">
         <name>.text:SAC_OA_selectPowerMode</name>
         <load_address>0xf9fc</load_address>
         <run_address>0xf9fc</run_address>
         <size>0xc</size>
         <input_file_ref idref="fl-14"/>
      </object_component>
      <object_component id="oc-6f7">
         <name>.text:__mspabi_fltid</name>
         <load_address>0xfa08</load_address>
         <run_address>0xfa08</run_address>
         <size>0xc</size>
         <input_file_ref idref="fl-63"/>
      </object_component>
      <object_component id="oc-6c7">
         <name>.text:EUSCI_A_UART_queryStatusFlags</name>
         <load_address>0xfa14</load_address>
         <run_address>0xfa14</run_address>
         <size>0xa</size>
         <input_file_ref idref="fl-a"/>
      </object_component>
      <object_component id="oc-56f">
         <name>.text:SAC_DAC_disable</name>
         <load_address>0xfa1e</load_address>
         <run_address>0xfa1e</run_address>
         <size>0xa</size>
         <input_file_ref idref="fl-14"/>
      </object_component>
      <object_component id="oc-731">
         <name>.text:SAC_DAC_enable</name>
         <load_address>0xfa28</load_address>
         <run_address>0xfa28</run_address>
         <size>0xa</size>
         <input_file_ref idref="fl-14"/>
      </object_component>
      <object_component id="oc-72b">
         <name>.text:SAC_DAC_interruptEnable</name>
         <load_address>0xfa32</load_address>
         <run_address>0xfa32</run_address>
         <size>0xa</size>
         <input_file_ref idref="fl-14"/>
      </object_component>
      <object_component id="oc-4e4">
         <name>.text:SAC_DAC_setData</name>
         <load_address>0xfa3c</load_address>
         <run_address>0xfa3c</run_address>
         <size>0xa</size>
         <input_file_ref idref="fl-14"/>
      </object_component>
      <object_component id="oc-587">
         <name>.text:ADC_disable</name>
         <load_address>0xfa46</load_address>
         <run_address>0xfa46</run_address>
         <size>0x8</size>
         <input_file_ref idref="fl-5"/>
      </object_component>
      <object_component id="oc-5b8">
         <name>.text:ADC_enable</name>
         <load_address>0xfa4e</load_address>
         <run_address>0xfa4e</run_address>
         <size>0x8</size>
         <input_file_ref idref="fl-5"/>
      </object_component>
      <object_component id="oc-575">
         <name>.text:SAC_OA_disable</name>
         <load_address>0xfa56</load_address>
         <run_address>0xfa56</run_address>
         <size>0x8</size>
         <input_file_ref idref="fl-14"/>
      </object_component>
      <object_component id="oc-743">
         <name>.text:SAC_OA_enable</name>
         <load_address>0xfa5e</load_address>
         <run_address>0xfa5e</run_address>
         <size>0x8</size>
         <input_file_ref idref="fl-14"/>
      </object_component>
      <object_component id="oc-57b">
         <name>.text:SAC_disable</name>
         <load_address>0xfa66</load_address>
         <run_address>0xfa66</run_address>
         <size>0x8</size>
         <input_file_ref idref="fl-14"/>
      </object_component>
      <object_component id="oc-749">
         <name>.text:SAC_enable</name>
         <load_address>0xfa6e</load_address>
         <run_address>0xfa6e</run_address>
         <size>0x8</size>
         <input_file_ref idref="fl-14"/>
      </object_component>
      <object_component id="oc-4c2">
         <name>.text:Timer_B_stop</name>
         <load_address>0xfa76</load_address>
         <run_address>0xfa76</run_address>
         <size>0x8</size>
         <input_file_ref idref="fl-19"/>
      </object_component>
      <object_component id="oc-7b2">
         <name>.text:EUSCI_A_UART_enable</name>
         <load_address>0xfa7e</load_address>
         <run_address>0xfa7e</run_address>
         <size>0x6</size>
         <input_file_ref idref="fl-a"/>
      </object_component>
      <object_component id="oc-79b">
         <name>.text:PMM_unlockLPM5</name>
         <load_address>0xfa84</load_address>
         <run_address>0xfa84</run_address>
         <size>0x6</size>
         <input_file_ref idref="fl-12"/>
      </object_component>
      <object_component id="oc-581">
         <name>.text:Timer_B_clear</name>
         <load_address>0xfa8a</load_address>
         <run_address>0xfa8a</run_address>
         <size>0x6</size>
         <input_file_ref idref="fl-19"/>
      </object_component>
      <object_component id="oc-4d1">
         <name>.text:Timer_B_startCounter</name>
         <load_address>0xfa90</load_address>
         <run_address>0xfa90</run_address>
         <size>0x6</size>
         <input_file_ref idref="fl-19"/>
      </object_component>
      <object_component id="oc-676">
         <name>.text:abort</name>
         <load_address>0xfa96</load_address>
         <run_address>0xfa96</run_address>
         <size>0x6</size>
         <input_file_ref idref="fl-82"/>
      </object_component>
      <object_component id="oc-70f">
         <name>.text:sinf</name>
         <load_address>0xfa9c</load_address>
         <run_address>0xfa9c</run_address>
         <size>0x6</size>
         <input_file_ref idref="fl-86"/>
      </object_component>
      <object_component id="oc-537">
         <name>.text:_system_pre_init</name>
         <load_address>0xfaa2</load_address>
         <run_address>0xfaa2</run_address>
         <size>0x4</size>
         <input_file_ref idref="fl-80"/>
      </object_component>
      <object_component id="oc-802">
         <name>.text:_system_post_cinit</name>
         <load_address>0xfaa6</load_address>
         <run_address>0xfaa6</run_address>
         <size>0x2</size>
         <input_file_ref idref="fl-7f"/>
      </object_component>
      <object_component id="oc-455">
         <name>.text:_isr:USCI_A1_ISR</name>
         <load_address>0xfaa8</load_address>
         <run_address>0xfaa8</run_address>
         <size>0x2da</size>
         <input_file_ref idref="fl-4"/>
      </object_component>
      <object_component id="oc-45b">
         <name>.text:_isr:TIMER0_B0_ISR</name>
         <load_address>0xfd82</load_address>
         <run_address>0xfd82</run_address>
         <size>0x5a</size>
         <input_file_ref idref="fl-3"/>
      </object_component>
      <object_component id="oc-443">
         <name>.text:_isr:PORT2_ISR</name>
         <load_address>0xfddc</load_address>
         <run_address>0xfddc</run_address>
         <size>0x44</size>
         <input_file_ref idref="fl-4"/>
      </object_component>
      <object_component id="oc-449">
         <name>.text:_isr:SAC3_ISR</name>
         <load_address>0xfe20</load_address>
         <run_address>0xfe20</run_address>
         <size>0x32</size>
         <input_file_ref idref="fl-2"/>
      </object_component>
      <object_component id="oc-44f">
         <name>.text:_isr:ADC_ISR</name>
         <load_address>0xfe52</load_address>
         <run_address>0xfe52</run_address>
         <size>0x2a</size>
         <input_file_ref idref="fl-4"/>
      </object_component>
      <object_component id="oc-48b">
         <name>.text:_isr:_c_int00_noargs_mpu</name>
         <load_address>0xfe7c</load_address>
         <run_address>0xfe7c</run_address>
         <size>0x20</size>
         <input_file_ref idref="fl-7b"/>
      </object_component>
      <object_component id="oc-438">
         <name>.text:_isr:PORT4_ISR</name>
         <load_address>0xfe9c</load_address>
         <run_address>0xfe9c</run_address>
         <size>0xc</size>
         <input_file_ref idref="fl-3"/>
      </object_component>
      <object_component id="oc-43e">
         <name>.text:_isr:__TI_ISR_TRAP</name>
         <load_address>0xfea8</load_address>
         <run_address>0xfea8</run_address>
         <size>0x8</size>
         <input_file_ref idref="fl-46"/>
      </object_component>
      <object_component id="oc-4f8">
         <name>.common:p</name>
         <uninitialized>true</uninitialized>
         <run_address>0x2400</run_address>
         <size>0x6</size>
      </object_component>
      <object_component id="oc-508">
         <name>.common:t</name>
         <uninitialized>true</uninitialized>
         <run_address>0x2000</run_address>
         <size>0x200</size>
      </object_component>
      <object_component id="oc-501">
         <name>.common:rxString</name>
         <uninitialized>true</uninitialized>
         <run_address>0x2200</run_address>
         <size>0x100</size>
      </object_component>
      <object_component id="oc-7cb">
         <name>.common:txString</name>
         <uninitialized>true</uninitialized>
         <run_address>0x2300</run_address>
         <size>0x100</size>
      </object_component>
      <object_component id="oc-4de">
         <name>.data</name>
         <load_address>0x2418</load_address>
         <run_address>0x2418</run_address>
         <size>0x2</size>
         <input_file_ref idref="fl-2"/>
      </object_component>
      <object_component id="oc-4b1">
         <name>.data</name>
         <load_address>0x2406</load_address>
         <run_address>0x2406</run_address>
         <size>0xe</size>
         <input_file_ref idref="fl-3"/>
      </object_component>
      <object_component id="oc-4f5">
         <name>.data</name>
         <load_address>0x2414</load_address>
         <run_address>0x2414</run_address>
         <size>0x4</size>
         <input_file_ref idref="fl-4"/>
      </object_component>
      <object_component id="oc-642">
         <name>.data</name>
         <load_address>0x241a</load_address>
         <run_address>0x241a</run_address>
         <size>0x2</size>
         <input_file_ref idref="fl-96"/>
      </object_component>
      <object_component id="oc-41c">
         <name>.stack</name>
         <uninitialized>true</uninitialized>
         <run_address>0x2f60</run_address>
         <size>0x4</size>
         <input_file_ref idref="fl-7b"/>
      </object_component>
      <object_component id="oc-9cb">
         <name>.stack</name>
         <uninitialized>true</uninitialized>
         <run_address>0x2f60</run_address>
         <size>0x0</size>
      </object_component>
      <object_component id="oc-72">
         <name>.int22</name>
         <load_address>0xffce</load_address>
         <run_address>0xffce</run_address>
         <size>0x2</size>
         <input_file_ref idref="fl-3"/>
      </object_component>
      <object_component id="oc-73">
         <name>.int23</name>
         <load_address>0xffd0</load_address>
         <run_address>0xffd0</run_address>
         <size>0x2</size>
         <input_file_ref idref="fl-45"/>
      </object_component>
      <object_component id="oc-74">
         <name>.int24</name>
         <load_address>0xffd2</load_address>
         <run_address>0xffd2</run_address>
         <size>0x2</size>
         <input_file_ref idref="fl-4"/>
      </object_component>
      <object_component id="oc-75">
         <name>.int25</name>
         <load_address>0xffd4</load_address>
         <run_address>0xffd4</run_address>
         <size>0x2</size>
         <input_file_ref idref="fl-47"/>
      </object_component>
      <object_component id="oc-76">
         <name>.int26</name>
         <load_address>0xffd6</load_address>
         <run_address>0xffd6</run_address>
         <size>0x2</size>
         <input_file_ref idref="fl-2"/>
      </object_component>
      <object_component id="oc-77">
         <name>.int27</name>
         <load_address>0xffd8</load_address>
         <run_address>0xffd8</run_address>
         <size>0x2</size>
         <input_file_ref idref="fl-48"/>
      </object_component>
      <object_component id="oc-78">
         <name>.int28</name>
         <load_address>0xffda</load_address>
         <run_address>0xffda</run_address>
         <size>0x2</size>
         <input_file_ref idref="fl-49"/>
      </object_component>
      <object_component id="oc-79">
         <name>.int29</name>
         <load_address>0xffdc</load_address>
         <run_address>0xffdc</run_address>
         <size>0x2</size>
         <input_file_ref idref="fl-4"/>
      </object_component>
      <object_component id="oc-7a">
         <name>.int30</name>
         <load_address>0xffde</load_address>
         <run_address>0xffde</run_address>
         <size>0x2</size>
         <input_file_ref idref="fl-4a"/>
      </object_component>
      <object_component id="oc-7b">
         <name>.int31</name>
         <load_address>0xffe0</load_address>
         <run_address>0xffe0</run_address>
         <size>0x2</size>
         <input_file_ref idref="fl-4b"/>
      </object_component>
      <object_component id="oc-7c">
         <name>.int32</name>
         <load_address>0xffe2</load_address>
         <run_address>0xffe2</run_address>
         <size>0x2</size>
         <input_file_ref idref="fl-4"/>
      </object_component>
      <object_component id="oc-7d">
         <name>.int33</name>
         <load_address>0xffe4</load_address>
         <run_address>0xffe4</run_address>
         <size>0x2</size>
         <input_file_ref idref="fl-4c"/>
      </object_component>
      <object_component id="oc-7e">
         <name>.int34</name>
         <load_address>0xffe6</load_address>
         <run_address>0xffe6</run_address>
         <size>0x2</size>
         <input_file_ref idref="fl-4d"/>
      </object_component>
      <object_component id="oc-7f">
         <name>.int35</name>
         <load_address>0xffe8</load_address>
         <run_address>0xffe8</run_address>
         <size>0x2</size>
         <input_file_ref idref="fl-4e"/>
      </object_component>
      <object_component id="oc-80">
         <name>.int36</name>
         <load_address>0xffea</load_address>
         <run_address>0xffea</run_address>
         <size>0x2</size>
         <input_file_ref idref="fl-4f"/>
      </object_component>
      <object_component id="oc-81">
         <name>.int37</name>
         <load_address>0xffec</load_address>
         <run_address>0xffec</run_address>
         <size>0x2</size>
         <input_file_ref idref="fl-50"/>
      </object_component>
      <object_component id="oc-82">
         <name>.int38</name>
         <load_address>0xffee</load_address>
         <run_address>0xffee</run_address>
         <size>0x2</size>
         <input_file_ref idref="fl-51"/>
      </object_component>
      <object_component id="oc-83">
         <name>.int39</name>
         <load_address>0xfff0</load_address>
         <run_address>0xfff0</run_address>
         <size>0x2</size>
         <input_file_ref idref="fl-52"/>
      </object_component>
      <object_component id="oc-84">
         <name>.int40</name>
         <load_address>0xfff2</load_address>
         <run_address>0xfff2</run_address>
         <size>0x2</size>
         <input_file_ref idref="fl-53"/>
      </object_component>
      <object_component id="oc-85">
         <name>.int41</name>
         <load_address>0xfff4</load_address>
         <run_address>0xfff4</run_address>
         <size>0x2</size>
         <input_file_ref idref="fl-54"/>
      </object_component>
      <object_component id="oc-86">
         <name>.int42</name>
         <load_address>0xfff6</load_address>
         <run_address>0xfff6</run_address>
         <size>0x2</size>
         <input_file_ref idref="fl-55"/>
      </object_component>
      <object_component id="oc-87">
         <name>.int43</name>
         <load_address>0xfff8</load_address>
         <run_address>0xfff8</run_address>
         <size>0x2</size>
         <input_file_ref idref="fl-3"/>
      </object_component>
      <object_component id="oc-88">
         <name>.int44</name>
         <load_address>0xfffa</load_address>
         <run_address>0xfffa</run_address>
         <size>0x2</size>
         <input_file_ref idref="fl-56"/>
      </object_component>
      <object_component id="oc-89">
         <name>.int45</name>
         <load_address>0xfffc</load_address>
         <run_address>0xfffc</run_address>
         <size>0x2</size>
         <input_file_ref idref="fl-57"/>
      </object_component>
      <object_component id="oc-41f">
         <name>.reset</name>
         <load_address>0xfffe</load_address>
         <run_address>0xfffe</run_address>
         <size>0x2</size>
         <input_file_ref idref="fl-7b"/>
      </object_component>
      <object_component id="oc-5f5">
         <name>.debug_info</name>
         <load_address>0x0</load_address>
         <run_address>0x0</run_address>
         <size>0x8aa</size>
         <input_file_ref idref="fl-2"/>
      </object_component>
      <object_component id="oc-4e2">
         <name>.debug_info</name>
         <load_address>0x8aa</load_address>
         <run_address>0x8aa</run_address>
         <size>0xf6</size>
         <input_file_ref idref="fl-2"/>
      </object_component>
      <object_component id="oc-4df">
         <name>.debug_info</name>
         <load_address>0x9a0</load_address>
         <run_address>0x9a0</run_address>
         <size>0xf4</size>
         <input_file_ref idref="fl-2"/>
      </object_component>
      <object_component id="oc-4eb">
         <name>.debug_info</name>
         <load_address>0xa94</load_address>
         <run_address>0xa94</run_address>
         <size>0x269</size>
         <input_file_ref idref="fl-2"/>
      </object_component>
      <object_component id="oc-718">
         <name>.debug_info</name>
         <load_address>0xcfd</load_address>
         <run_address>0xcfd</run_address>
         <size>0xf7</size>
         <input_file_ref idref="fl-2"/>
      </object_component>
      <object_component id="oc-758">
         <name>.debug_info</name>
         <load_address>0xdf4</load_address>
         <run_address>0xdf4</run_address>
         <size>0xf8</size>
         <input_file_ref idref="fl-2"/>
      </object_component>
      <object_component id="oc-5a7">
         <name>.debug_info</name>
         <load_address>0xeec</load_address>
         <run_address>0xeec</run_address>
         <size>0x26a</size>
         <input_file_ref idref="fl-2"/>
      </object_component>
      <object_component id="oc-59b">
         <name>.debug_info</name>
         <load_address>0x1156</load_address>
         <run_address>0x1156</run_address>
         <size>0x3b1</size>
         <input_file_ref idref="fl-2"/>
      </object_component>
      <object_component id="oc-5a1">
         <name>.debug_info</name>
         <load_address>0x1507</load_address>
         <run_address>0x1507</run_address>
         <size>0x277</size>
         <input_file_ref idref="fl-2"/>
      </object_component>
      <object_component id="oc-5ad">
[...]
         <name>Timer_B_outputPWM</name>
         <value>0xeda8</value>
         <object_component_ref idref="oc-5df"/>
      </symbol>
      <symbol id="sm-760">
         <name>Timer_B_clear</name>
         <value>0xfa8a</value>
         <object_component_ref idref="oc-581"/>
      </symbol>
      <symbol id="sm-761">
         <name>Timer_B_stop</name>
         <value>0xfa76</value>
         <object_component_ref idref="oc-4c2"/>
      </symbol>
      <symbol id="sm-762">
         <name>Timer_B_startCounter</name>
         <value>0xfa90</value>
         <object_component_ref idref="oc-4d1"/>
      </symbol>
      <symbol id="sm-763">
         <name>Timer_B_initUpMode</name>
         <value>0xeb5a</value>
         <object_component_ref idref="oc-890"/>
      </symbol>
      <symbol id="sm-76d">
         <name>WDT_A_hold</name>
         <value>0xf94a</value>
         <object_component_ref idref="oc-651"/>
      </symbol>
      <symbol id="sm-7e8">
         <name>jsmn_init</name>
         <value>0xf9ee</value>
         <object_component_ref idref="oc-4fb"/>
      </symbol>
      <symbol id="sm-7e9">
         <name>jsmn_parse</name>
         <value>0xd1fe</value>
         <object_component_ref idref="oc-509"/>
      </symbol>
      <symbol id="sm-80c">
         <name>__TI_decompress_lzss</name>
         <value>0xec4e</value>
         <object_component_ref idref="oc-66"/>
      </symbol>
      <symbol id="sm-81d">
         <name>__TI_decompress_none</name>
         <value>0xf960</value>
         <object_component_ref idref="oc-6c"/>
      </symbol>
      <symbol id="sm-820">
         <name>__TI_int23</name>
         <value>0xffd0</value>
         <object_component_ref idref="oc-73"/>
      </symbol>
      <symbol id="sm-828">
         <name>__TI_ISR_TRAP</name>
         <value>0xfea8</value>
         <object_component_ref idref="oc-43e"/>
      </symbol>
      <symbol id="sm-82b">
         <name>__TI_int25</name>
         <value>0xffd4</value>
         <object_component_ref idref="oc-75"/>
      </symbol>
      <symbol id="sm-82e">
         <name>__TI_int27</name>
         <value>0xffd8</value>
         <object_component_ref idref="oc-77"/>
      </symbol>
      <symbol id="sm-831">
         <name>__TI_int28</name>
         <value>0xffda</value>
         <object_component_ref idref="oc-78"/>
      </symbol>
      <symbol id="sm-834">
         <name>__TI_int30</name>
         <value>0xffde</value>
         <object_component_ref idref="oc-7a"/>
      </symbol>
      <symbol id="sm-837">
         <name>__TI_int31</name>
         <value>0xffe0</value>
         <object_component_ref idref="oc-7b"/>
      </symbol>
      <symbol id="sm-83a">
         <name>__TI_int33</name>
         <value>0xffe4</value>
         <object_component_ref idref="oc-7d"/>
      </symbol>
      <symbol id="sm-83d">
         <name>__TI_int34</name>
         <value>0xffe6</value>
         <object_component_ref idref="oc-7e"/>
      </symbol>
      <symbol id="sm-840">
         <name>__TI_int35</name>
         <value>0xffe8</value>
         <object_component_ref idref="oc-7f"/>
      </symbol>
      <symbol id="sm-843">
         <name>__TI_int36</name>
         <value>0xffea</value>
         <object_component_ref idref="oc-80"/>
      </symbol>
      <symbol id="sm-846">
         <name>__TI_int37</name>
         <value>0xffec</value>
         <object_component_ref idref="oc-81"/>
      </symbol>
      <symbol id="sm-849">
         <name>__TI_int38</name>
         <value>0xffee</value>
         <object_component_ref idref="oc-82"/>
      </symbol>
      <symbol id="sm-84c">
         <name>__TI_int39</name>
         <value>0xfff0</value>
         <object_component_ref idref="oc-83"/>
      </symbol>
      <symbol id="sm-84f">
         <name>__TI_int40</name>
         <value>0xfff2</value>
         <object_component_ref idref="oc-84"/>
      </symbol>
      <symbol id="sm-852">
         <name>__TI_int41</name>
         <value>0xfff4</value>
         <object_component_ref idref="oc-85"/>
      </symbol>
      <symbol id="sm-855">
         <name>__TI_int42</name>
         <value>0xfff6</value>
         <object_component_ref idref="oc-86"/>
      </symbol>
      <symbol id="sm-858">
         <name>__TI_int44</name>
         <value>0xfffa</value>
         <object_component_ref idref="oc-88"/>
      </symbol>
      <symbol id="sm-85b">
         <name>__TI_int45</name>
         <value>0xfffc</value>
         <object_component_ref idref="oc-89"/>
      </symbol>
      <symbol id="sm-86e">
         <name>__TI_zero_init</name>
         <value>0xf746</value>
         <object_component_ref idref="oc-467"/>
      </symbol>
      <symbol id="sm-889">
         <name>__mspabi_subf</name>
         <value>0xe006</value>
         <object_component_ref idref="oc-6de"/>
      </symbol>
      <symbol id="sm-88a">
         <name>__mspabi_addf</name>
         <value>0xe00c</value>
         <object_component_ref idref="oc-6de"/>
      </symbol>
      <symbol id="sm-89f">
         <name>__mspabi_cvtdf</name>
         <value>0xe6ae</value>
         <object_component_ref idref="oc-709"/>
      </symbol>
      <symbol id="sm-8c5">
         <name>__mspabi_divd</name>
         <value>0xd6c6</value>
         <object_component_ref idref="oc-703"/>
      </symbol>
      <symbol id="sm-8e0">
         <name>__TI_frcdivd</name>
         <value>0xc6ee</value>
         <object_component_ref idref="oc-842"/>
      </symbol>
      <symbol id="sm-8f2">
         <name>__mspabi_divf</name>
         <value>0xe93a</value>
         <object_component_ref idref="oc-6e3"/>
      </symbol>
      <symbol id="sm-8fe">
         <name>__mspabi_remi</name>
         <value>0xf6a6</value>
         <object_component_ref idref="oc-6d4"/>
      </symbol>
      <symbol id="sm-8ff">
         <name>__mspabi_divi</name>
         <value>0xf6a6</value>
         <object_component_ref idref="oc-6d4"/>
      </symbol>
      <symbol id="sm-90b">
         <name>__mspabi_remli</name>
         <value>0xf27e</value>
         <object_component_ref idref="oc-71a"/>
      </symbol>
      <symbol id="sm-90c">
         <name>__mspabi_divli</name>
         <value>0xf27e</value>
         <object_component_ref idref="oc-71a"/>
      </symbol>
      <symbol id="sm-916">
         <name>__mspabi_remu</name>
         <value>0xf976</value>
         <object_component_ref idref="oc-7e5"/>
      </symbol>
      <symbol id="sm-917">
         <name>__mspabi_divu</name>
         <value>0xf976</value>
         <object_component_ref idref="oc-7e5"/>
      </symbol>
      <symbol id="sm-925">
         <name>__mspabi_remul</name>
         <value>0xef94</value>
         <object_component_ref idref="oc-63d"/>
      </symbol>
      <symbol id="sm-926">
         <name>__mspabi_divul</name>
         <value>0xef94</value>
         <object_component_ref idref="oc-63d"/>
      </symbol>
      <symbol id="sm-938">
         <name>__mspabi_fixfi</name>
         <value>0xee1a</value>
         <object_component_ref idref="oc-6f2"/>
      </symbol>
      <symbol id="sm-941">
         <name>__mspabi_fltid</name>
         <value>0xfa08</value>
         <object_component_ref idref="oc-6f7"/>
      </symbol>
      <symbol id="sm-94e">
         <name>__mspabi_fltif</name>
         <value>0xf546</value>
         <object_component_ref idref="oc-6d9"/>
      </symbol>
      <symbol id="sm-966">
         <name>__mspabi_fltlid</name>
         <value>0xe802</value>
         <object_component_ref idref="oc-82e"/>
      </symbol>
      <symbol id="sm-971">
         <name>__mspabi_fltuf</name>
         <value>0xf76a</value>
         <object_component_ref idref="oc-6e8"/>
      </symbol>
      <symbol id="sm-996">
         <name>__mspabi_mpyd</name>
         <value>0xcf6c</value>
         <object_component_ref idref="oc-6fd"/>
      </symbol>
      <symbol id="sm-9a1">
         <name>__TI_frcmpyd</name>
         <value>0xdc0e</value>
         <object_component_ref idref="oc-835"/>
      </symbol>
      <symbol id="sm-9b8">
         <name>__mspabi_mpyf</name>
         <value>0xe5f6</value>
         <object_component_ref idref="oc-6ed"/>
      </symbol>
      <symbol id="sm-9c1">
         <name>__mspabi_mpyi_f5hw</name>
         <value>0xf906</value>
         <object_component_ref idref="oc-8c1"/>
      </symbol>
      <symbol id="sm-9ca">
         <name>__mspabi_mpyl_f5hw</name>
         <value>0xf78e</value>
         <object_component_ref idref="oc-645"/>
      </symbol>
      <symbol id="sm-9d3">
         <name>__mspabi_mpyll_f5hw</name>
         <value>0xeee0</value>
         <object_component_ref idref="oc-8da"/>
      </symbol>
      <symbol id="sm-9dc">
         <name>__mspabi_mpyull_f5hw</name>
         <value>0xf67a</value>
         <object_component_ref idref="oc-8df"/>
      </symbol>
      <symbol id="sm-9e7">
         <name>__mspabi_slll_9</name>
         <value>0xf314</value>
         <object_component_ref idref="oc-84a"/>
      </symbol>
      <symbol id="sm-9e8">
         <name>__mspabi_slll_8</name>
         <value>0xf318</value>
         <object_component_ref idref="oc-84a"/>
      </symbol>
      <symbol id="sm-9e9">
         <name>__mspabi_slll_7</name>
         <value>0xf31c</value>
         <object_component_ref idref="oc-84a"/>
      </symbol>
      <symbol id="sm-9ea">
         <name>__mspabi_slll_6</name>
         <value>0xf320</value>
         <object_component_ref idref="oc-84a"/>
      </symbol>
      <symbol id="sm-9eb">
         <name>__mspabi_slll_5</name>
         <value>0xf324</value>
         <object_component_ref idref="oc-84a"/>
      </symbol>
      <symbol id="sm-9ec">
         <name>__mspabi_slll_4</name>
         <value>0xf328</value>
         <object_component_ref idref="oc-84a"/>
      </symbol>
      <symbol id="sm-9ed">
         <name>__mspabi_slll_3</name>
         <value>0xf32c</value>
         <object_component_ref idref="oc-84a"/>
      </symbol>
      <symbol id="sm-9ee">
         <name>__mspabi_slll_2</name>
         <value>0xf330</value>
         <object_component_ref idref="oc-84a"/>
      </symbol>
      <symbol id="sm-9ef">
         <name>__mspabi_slll_1</name>
         <value>0xf334</value>
         <object_component_ref idref="oc-84a"/>
      </symbol>
      <symbol id="sm-9f0">
         <name>__mspabi_slll_15</name>
         <value>0xf2fc</value>
         <object_component_ref idref="oc-84a"/>
      </symbol>
      <symbol id="sm-9f1">
         <name>__mspabi_slll_14</name>
         <value>0xf300</value>
         <object_component_ref idref="oc-84a"/>
      </symbol>
      <symbol id="sm-9f2">
         <name>__mspabi_slll_13</name>
         <value>0xf304</value>
         <object_component_ref idref="oc-84a"/>
      </symbol>
      <symbol id="sm-9f3">
         <name>__mspabi_slll_12</name>
         <value>0xf308</value>
         <object_component_ref idref="oc-84a"/>
      </symbol>
      <symbol id="sm-9f4">
         <name>__mspabi_slll_11</name>
         <value>0xf30c</value>
         <object_component_ref idref="oc-84a"/>
      </symbol>
      <symbol id="sm-9f5">
         <name>__mspabi_slll_10</name>
         <value>0xf310</value>
         <object_component_ref idref="oc-84a"/>
      </symbol>
      <symbol id="sm-a02">
         <name>__mspabi_sllll</name>
         <value>0xf3f0</value>
         <object_component_ref idref="oc-8d4"/>
      </symbol>
      <symbol id="sm-a0a">
         <name>__mspabi_sral_15</name>
         <value>0xf2be</value>
         <object_component_ref idref="oc-7fd"/>
      </symbol>
      <symbol id="sm-a0b">
         <name>__mspabi_sral_14</name>
         <value>0xf2c2</value>
         <object_component_ref idref="oc-7fd"/>
      </symbol>
      <symbol id="sm-a0c">
         <name>__mspabi_sral_13</name>
         <value>0xf2c6</value>
         <object_component_ref idref="oc-7fd"/>
      </symbol>
      <symbol id="sm-a0d">
         <name>__mspabi_sral_12</name>
         <value>0xf2ca</value>
         <object_component_ref idref="oc-7fd"/>
      </symbol>
      <symbol id="sm-a0e">
         <name>__mspabi_sral_11</name>
         <value>0xf2ce</value>
         <object_component_ref idref="oc-7fd"/>
      </symbol>
      <symbol id="sm-a0f">
         <name>__mspabi_sral_10</name>
         <value>0xf2d2</value>
         <object_component_ref idref="oc-7fd"/>
      </symbol>
      <symbol id="sm-a10">
         <name>__mspabi_sral_8</name>
         <value>0xf2da</value>
         <object_component_ref idref="oc-7fd"/>
      </symbol>
      <symbol id="sm-a11">
         <name>__mspabi_sral_9</name>
         <value>0xf2d6</value>
         <object_component_ref idref="oc-7fd"/>
      </symbol>
      <symbol id="sm-a12">
         <name>__mspabi_sral_6</name>
         <value>0xf2e2</value>
         <object_component_ref idref="oc-7fd"/>
      </symbol>
      <symbol id="sm-a13">
         <name>__mspabi_sral_7</name>
         <value>0xf2de</value>
         <object_component_ref idref="oc-7fd"/>
      </symbol>
      <symbol id="sm-a14">
         <name>__mspabi_sral_4</name>
         <value>0xf2ea</value>
         <object_component_ref idref="oc-7fd"/>
      </symbol>
      <symbol id="sm-a15">
         <name>__mspabi_sral_5</name>
         <value>0xf2e6</value>
         <object_component_ref idref="oc-7fd"/>
      </symbol>
      <symbol id="sm-a16">
         <name>__mspabi_sral_2</name>
         <value>0xf2f2</value>
         <object_component_ref idref="oc-7fd"/>
      </symbol>
      <symbol id="sm-a17">
         <name>__mspabi_sral_3</name>
         <value>0xf2ee</value>
         <object_component_ref idref="oc-7fd"/>
      </symbol>
      <symbol id="sm-a18">
         <name>__mspabi_sral_1</name>
         <value>0xf2f6</value>
         <object_component_ref idref="oc-7fd"/>
      </symbol>
      <symbol id="sm-a21">
         <name>__mspabi_srll_8</name>
         <value>0xf356</value>
         <object_component_ref idref="oc-8cd"/>
      </symbol>
      <symbol id="sm-a22">
         <name>__mspabi_srll_9</name>
         <value>0xf352</value>
         <object_component_ref idref="oc-8cd"/>
      </symbol>
      <symbol id="sm-a23">
         <name>__mspabi_srll_6</name>
         <value>0xf35e</value>
         <object_component_ref idref="oc-8cd"/>
      </symbol>
      <symbol id="sm-a24">
         <name>__mspabi_srll_7</name>
         <value>0xf35a</value>
         <object_component_ref idref="oc-8cd"/>
      </symbol>
      <symbol id="sm-a25">
         <name>__mspabi_srll_4</name>
         <value>0xf366</value>
         <object_component_ref idref="oc-8cd"/>
      </symbol>
      <symbol id="sm-a26">
         <name>__mspabi_srll_5</name>
         <value>0xf362</value>
         <object_component_ref idref="oc-8cd"/>
      </symbol>
      <symbol id="sm-a27">
         <name>__mspabi_srll_2</name>
         <value>0xf36e</value>
         <object_component_ref idref="oc-8cd"/>
      </symbol>
      <symbol id="sm-a28">
         <name>__mspabi_srll_3</name>
         <value>0xf36a</value>
         <object_component_ref idref="oc-8cd"/>
      </symbol>
      <symbol id="sm-a29">
         <name>__mspabi_srll_1</name>
         <value>0xf372</value>
         <object_component_ref idref="oc-8cd"/>
      </symbol>
      <symbol id="sm-a2a">
         <name>__mspabi_srll_15</name>
         <value>0xf33a</value>
         <object_component_ref idref="oc-8cd"/>
      </symbol>
      <symbol id="sm-a2b">
         <name>__mspabi_srll_14</name>
         <value>0xf33e</value>
         <object_component_ref idref="oc-8cd"/>
      </symbol>
      <symbol id="sm-a2c">
         <name>__mspabi_srll_13</name>
         <value>0xf342</value>
         <object_component_ref idref="oc-8cd"/>
      </symbol>
      <symbol id="sm-a2d">
         <name>__mspabi_srll_12</name>
         <value>0xf346</value>
         <object_component_ref idref="oc-8cd"/>
      </symbol>
      <symbol id="sm-a2e">
         <name>__mspabi_srll_11</name>
         <value>0xf34a</value>
         <object_component_ref idref="oc-8cd"/>
      </symbol>
      <symbol id="sm-a2f">
         <name>__mspabi_srll_10</name>
         <value>0xf34e</value>
         <object_component_ref idref="oc-8cd"/>
      </symbol>
      <symbol id="sm-a3c">
         <name>__mspabi_srlll</name>
         <value>0xf42a</value>
         <object_component_ref idref="oc-8e4"/>
      </symbol>
      <symbol id="sm-a4c">
         <name>_c_int00_noargs_mpu</name>
         <value>0xfe7c</value>
         <object_component_ref idref="oc-48b"/>
      </symbol>
      <symbol id="sm-a4d">
         <name>_stack</name>
         <value>0x2f60</value>
         <object_component_ref idref="oc-41c"/>
      </symbol>
      <symbol id="sm-a4e">
         <name>_reset_vector</name>
         <value>0xfffe</value>
         <object_component_ref idref="oc-41f"/>
      </symbol>
      <symbol id="sm-a5c">
         <name>__mpu_init</name>
         <value>0xf378</value>
         <object_component_ref idref="oc-54f"/>
      </symbol>
      <symbol id="sm-a7f">
         <name>__TI_auto_init_nobinit_nopinit_hold_wdt</name>
         <value>0xebd6</value>
         <object_component_ref idref="oc-69a"/>
      </symbol>
      <symbol id="sm-a88">
         <name>_system_post_cinit</name>
         <value>0xfaa6</value>
         <object_component_ref idref="oc-802"/>
      </symbol>
      <symbol id="sm-a91">
         <name>_system_pre_init</name>
         <value>0xfaa2</value>
         <object_component_ref idref="oc-537"/>
      </symbol>
      <symbol id="sm-a9c">
         <name>C$$EXIT</name>
         <value>0xfa96</value>
         <object_component_ref idref="oc-676"/>
      </symbol>
      <symbol id="sm-a9d">
         <name>abort</name>
         <value>0xfa96</value>
         <object_component_ref idref="oc-676"/>
      </symbol>
      <symbol id="sm-ab3">
         <name>memcpy</name>
         <value>0xf3b4</value>
         <object_component_ref idref="oc-42b"/>
      </symbol>
      <symbol id="sm-adc">
         <name>sinf</name>
         <value>0xfa9c</value>
         <object_component_ref idref="oc-70f"/>
      </symbol>
      <symbol id="sm-add">
         <name>msp430_cos_sin</name>
         <value>0xcb56</value>
         <object_component_ref idref="oc-851"/>
      </symbol>
      <symbol id="sm-ae1">
         <name>msp430_sin_coeffs</name>
         <value>0xc6ac</value>
         <object_component_ref idref="oc-8f5"/>
      </symbol>
      <symbol id="sm-ae2">
         <name>msp430_cos_coeffs</name>
         <value>0xc688</value>
         <object_component_ref idref="oc-8f4"/>
      </symbol>
      <symbol id="sm-b03">
         <name>sprintf</name>
         <value>0xf1fa</value>
         <object_component_ref idref="oc-7cc"/>
      </symbol>
      <symbol id="sm-b68">
         <name>__TI_printfi_minimal</name>
         <value>0xe138</value>
         <object_component_ref idref="oc-884"/>
      </symbol>
      <symbol id="sm-b7d">
         <name>_ctypes_</name>
         <value>0xc436</value>
         <object_component_ref idref="oc-63a"/>
      </symbol>
      <symbol id="sm-b84">
         <name>errno</name>
         <value>0x241a</value>
         <object_component_ref idref="oc-642"/>
      </symbol>
      <symbol id="sm-b97">
         <name>memccpy</name>
         <value>0xf618</value>
         <object_component_ref idref="oc-93b"/>
      </symbol>
      <symbol id="sm-ba6">
         <name>memset</name>
         <value>0xf7f6</value>
         <object_component_ref idref="oc-92e"/>
      </symbol>
      <symbol id="sm-bb4">
         <name>strlen</name>
         <value>0xf9b2</value>
         <object_component_ref idref="oc-502"/>
      </symbol>
      <symbol id="sm-bc5">
         <name>strncmp</name>
         <value>0xf4d8</value>
         <object_component_ref idref="oc-633"/>
      </symbol>
      <symbol id="sm-bed">
         <name>strtol</name>
         <value>0xd47e</value>
         <object_component_ref idref="oc-516"/>
      </symbol>
   </symbol_table>
   <title>Link successful</title>
</link_info>
